<html>
<body>
<pre>
<h1>µVision Build Log</h1>
<h2>Tool Versions:</h2>
IDE-Version: ¦ÌVision V5.35.0.0
Copyright (C) 2021 ARM Ltd and ARM Germany GmbH. All rights reserved.
License Information: w jj, bst, LIC=YA39H-WK7AD-9U04U-SACJT-A6NJI-E5Q53
 
Tool Versions:
Toolchain:       MDK-ARM Plus  Version: 5.35.0.2
Toolchain Path:  C:\Keil_v5\ARM\ARMCLANG\Bin
C Compiler:      ArmClang.exe V6.16
Assembler:       Armasm.exe V6.16
Linker/Locator:  ArmLink.exe V6.16
Library Manager: ArmAr.exe V6.16
Hex Converter:   FromElf.exe V6.16
CPU DLL:         
Dialog DLL:      
Target DLL:      STLink\ST-LINKIII-KEIL_SWO.dll V3.0.9.0
Dialog DLL:      TCM.DLL V1.53.0.0
 
<h2>Project:</h2>
D:\503\GD32E50x_Demo_Suites_V1.2.1\GD32E503V_EVAL_Demo_Suites\Projects\24_USBD_CDC_ACM\MDK-ARM\GD32E503V_EVAL.uvprojx
Project File Date:  03/15/2022

<h2>Output:</h2>
*** Using Compiler 'V6.16', folder: 'C:\Keil_v5\ARM\ARMCLANG\Bin'
Build target 'GD32E503'
assembling startup_gd32e50x_hd.s...
compiling main.c...
compiling usbd_transc.c...
compiling gd32e50x_usbd_hw.c...
compiling usbd_lld_int.c...
compiling gd32e50x_it.c...
compiling usbd_pwr.c...
compiling gd32e503v_eval.c...
compiling usbd_core.c...
compiling usbd_lld_core.c...
compiling usbd_enum.c...
compiling cdc_acm_core.c...
linking...
Program Size: Code=9804 RO-data=464 RW-data=676 ZI-data=1316  
FromELF: creating hex file...
".\output\Project.axf" - 0 Error(s), 0 Warning(s).

<h2>Software Packages used:</h2>

Package Vendor: ARM
                http://www.keil.com/pack/ARM.CMSIS.5.8.0.pack
                ARM.CMSIS.5.8.0
                CMSIS (Common Microcontroller Software Interface Standard)
   * Component: CORE Version: 5.5.0

Package Vendor: GigaDevice
                http://gd32mcu.com/data/documents/pack/GigaDevice.GD32E50x_DFP.1.3.1.pack
                GigaDevice.GD32E50x_DFP.1.3.1
                GigaDevice GD32E50x Series Device Support and Examples

<h2>Collection of Component include folders:</h2>
  .\RTE\_GD32E503
  C:\Users\wjj--\AppData\Local\Arm\Packs\ARM\CMSIS\5.8.0\CMSIS\Core\Include
  C:\Users\wjj--\AppData\Local\Arm\Packs\GigaDevice\GD32E50x_DFP\1.3.1\Device\Include

<h2>Collection of Component Files used:</h2>

   * Component: ARM::CMSIS:CORE:5.5.0
Build Time Elapsed:  00:00:01
</pre>
</body>
</html>
