<!doctype html public "-//w3c//dtd html 4.0 transitional//en">
<html><head>
<title>Static Call Graph - [.\output\SysCtrl_V11_GD32E503VCT6.axf]</title></head>
<body><HR>
<H1>Static Call Graph for image .\output\SysCtrl_V11_GD32E503VCT6.axf</H1><HR>
<BR><P>#&#060CALLGRAPH&#062# ARM Linker, 6160001: Last Updated: Thu Dec 28 12:52:39 2023
<BR><P>
<H3>Maximum Stack Usage =       4216 bytes + Unknown(Cycles, Untraceable Function Pointers)</H3><H3>
Call chain for Maximum Stack Depth:</H3>
main &rArr; Main_Task &rArr; G4_Task &rArr; MQTT_Run &rArr; MQTT_PUBLISH &rArr; get_pvt_para &rArr; atoi &rArr; strtol &rArr; _strtoul
<P>
<H3>
Mutually Recursive functions
</H3> <LI><a href="#[53]">ADC0_1_IRQHandler</a>&nbsp;&nbsp;&nbsp;&rArr;&nbsp;&nbsp;&nbsp;<a href="#[53]">ADC0_1_IRQHandler</a><BR>
</UL>
<P>
<H3>
Function Pointers
</H3><UL>
 <LI><a href="#[53]">ADC0_1_IRQHandler</a> from startup_gd32e50x_hd.o(.text) referenced from startup_gd32e50x_hd.o(RESET)
 <LI><a href="#[70]">ADC2_IRQHandler</a> from startup_gd32e50x_hd.o(.text) referenced from startup_gd32e50x_hd.o(RESET)
 <LI><a href="#[3b]">BusFault_Handler</a> from gd32e50x_it.o(.text.BusFault_Handler) referenced from startup_gd32e50x_hd.o(RESET)
 <LI><a href="#[57]">CAN0_EWMC_IRQHandler</a> from startup_gd32e50x_hd.o(.text) referenced from startup_gd32e50x_hd.o(RESET)
 <LI><a href="#[56]">CAN0_RX1_IRQHandler</a> from gd32e50x_it.o(.text.CAN0_RX1_IRQHandler) referenced from startup_gd32e50x_hd.o(RESET)
 <LI><a href="#[80]">CAN1_EWMC_IRQHandler</a> from startup_gd32e50x_hd.o(.text) referenced from startup_gd32e50x_hd.o(RESET)
 <LI><a href="#[7e]">CAN1_RX0_IRQHandler</a> from startup_gd32e50x_hd.o(.text) referenced from startup_gd32e50x_hd.o(RESET)
 <LI><a href="#[7f]">CAN1_RX1_IRQHandler</a> from startup_gd32e50x_hd.o(.text) referenced from startup_gd32e50x_hd.o(RESET)
 <LI><a href="#[7d]">CAN1_TX_IRQHandler</a> from startup_gd32e50x_hd.o(.text) referenced from startup_gd32e50x_hd.o(RESET)
 <LI><a href="#[4c]">DMA0_Channel0_IRQHandler</a> from startup_gd32e50x_hd.o(.text) referenced from startup_gd32e50x_hd.o(RESET)
 <LI><a href="#[4d]">DMA0_Channel1_IRQHandler</a> from startup_gd32e50x_hd.o(.text) referenced from startup_gd32e50x_hd.o(RESET)
 <LI><a href="#[4e]">DMA0_Channel2_IRQHandler</a> from startup_gd32e50x_hd.o(.text) referenced from startup_gd32e50x_hd.o(RESET)
 <LI><a href="#[4f]">DMA0_Channel3_IRQHandler</a> from startup_gd32e50x_hd.o(.text) referenced from startup_gd32e50x_hd.o(RESET)
 <LI><a href="#[50]">DMA0_Channel4_IRQHandler</a> from startup_gd32e50x_hd.o(.text) referenced from startup_gd32e50x_hd.o(RESET)
 <LI><a href="#[51]">DMA0_Channel5_IRQHandler</a> from startup_gd32e50x_hd.o(.text) referenced from startup_gd32e50x_hd.o(RESET)
 <LI><a href="#[52]">DMA0_Channel6_IRQHandler</a> from startup_gd32e50x_hd.o(.text) referenced from startup_gd32e50x_hd.o(RESET)
 <LI><a href="#[79]">DMA1_Channel0_IRQHandler</a> from startup_gd32e50x_hd.o(.text) referenced from startup_gd32e50x_hd.o(RESET)
 <LI><a href="#[7a]">DMA1_Channel1_IRQHandler</a> from startup_gd32e50x_hd.o(.text) referenced from startup_gd32e50x_hd.o(RESET)
 <LI><a href="#[7b]">DMA1_Channel2_IRQHandler</a> from startup_gd32e50x_hd.o(.text) referenced from startup_gd32e50x_hd.o(RESET)
 <LI><a href="#[7c]">DMA1_Channel3_4_IRQHandler</a> from startup_gd32e50x_hd.o(.text) referenced from startup_gd32e50x_hd.o(RESET)
 <LI><a href="#[3e]">DebugMon_Handler</a> from gd32e50x_it.o(.text.DebugMon_Handler) referenced from startup_gd32e50x_hd.o(RESET)
 <LI><a href="#[71]">EXMC_IRQHandler</a> from startup_gd32e50x_hd.o(.text) referenced from startup_gd32e50x_hd.o(RESET)
 <LI><a href="#[47]">EXTI0_IRQHandler</a> from gd32e50x_it.o(.text.EXTI0_IRQHandler) referenced from startup_gd32e50x_hd.o(RESET)
 <LI><a href="#[69]">EXTI10_15_IRQHandler</a> from startup_gd32e50x_hd.o(.text) referenced from startup_gd32e50x_hd.o(RESET)
 <LI><a href="#[48]">EXTI1_IRQHandler</a> from gd32e50x_it.o(.text.EXTI1_IRQHandler) referenced from startup_gd32e50x_hd.o(RESET)
 <LI><a href="#[49]">EXTI2_IRQHandler</a> from startup_gd32e50x_hd.o(.text) referenced from startup_gd32e50x_hd.o(RESET)
 <LI><a href="#[4a]">EXTI3_IRQHandler</a> from startup_gd32e50x_hd.o(.text) referenced from startup_gd32e50x_hd.o(RESET)
 <LI><a href="#[4b]">EXTI4_IRQHandler</a> from gd32e50x_it.o(.text.EXTI4_IRQHandler) referenced from startup_gd32e50x_hd.o(RESET)
 <LI><a href="#[58]">EXTI5_9_IRQHandler</a> from ch432t.o(.text.EXTI5_9_IRQHandler) referenced from startup_gd32e50x_hd.o(RESET)
 <LI><a href="#[45]">FMC_IRQHandler</a> from startup_gd32e50x_hd.o(.text) referenced from startup_gd32e50x_hd.o(RESET)
 <LI><a href="#[39]">HardFault_Handler</a> from gd32e50x_it.o(.text.HardFault_Handler) referenced from startup_gd32e50x_hd.o(RESET)
 <LI><a href="#[61]">I2C0_ER_IRQHandler</a> from startup_gd32e50x_hd.o(.text) referenced from startup_gd32e50x_hd.o(RESET)
 <LI><a href="#[60]">I2C0_EV_IRQHandler</a> from startup_gd32e50x_hd.o(.text) referenced from startup_gd32e50x_hd.o(RESET)
 <LI><a href="#[63]">I2C1_ER_IRQHandler</a> from startup_gd32e50x_hd.o(.text) referenced from startup_gd32e50x_hd.o(RESET)
 <LI><a href="#[62]">I2C1_EV_IRQHandler</a> from startup_gd32e50x_hd.o(.text) referenced from startup_gd32e50x_hd.o(RESET)
 <LI><a href="#[89]">I2C2_ER_IRQHandler</a> from startup_gd32e50x_hd.o(.text) referenced from startup_gd32e50x_hd.o(RESET)
 <LI><a href="#[88]">I2C2_EV_IRQHandler</a> from startup_gd32e50x_hd.o(.text) referenced from startup_gd32e50x_hd.o(RESET)
 <LI><a href="#[8b]">I2C2_WKUP_IRQHandler</a> from startup_gd32e50x_hd.o(.text) referenced from startup_gd32e50x_hd.o(RESET)
 <LI><a href="#[42]">LVD_IRQHandler</a> from startup_gd32e50x_hd.o(.text) referenced from startup_gd32e50x_hd.o(RESET)
 <LI><a href="#[3a]">MemManage_Handler</a> from gd32e50x_it.o(.text.MemManage_Handler) referenced from startup_gd32e50x_hd.o(RESET)
 <LI><a href="#[38]">NMI_Handler</a> from gd32e50x_it.o(.text.NMI_Handler) referenced from startup_gd32e50x_hd.o(RESET)
 <LI><a href="#[3f]">PendSV_Handler</a> from portasm.o(.text.PendSV_Handler) referenced from startup_gd32e50x_hd.o(RESET)
 <LI><a href="#[46]">RCU_CTC_IRQHandler</a> from startup_gd32e50x_hd.o(.text) referenced from startup_gd32e50x_hd.o(RESET)
 <LI><a href="#[6a]">RTC_Alarm_IRQHandler</a> from startup_gd32e50x_hd.o(.text) referenced from startup_gd32e50x_hd.o(RESET)
 <LI><a href="#[44]">RTC_IRQHandler</a> from startup_gd32e50x_hd.o(.text) referenced from startup_gd32e50x_hd.o(RESET)
 <LI><a href="#[37]">Reset_Handler</a> from startup_gd32e50x_hd.o(.text) referenced from startup_gd32e50x_hd.o(RESET)
 <LI><a href="#[72]">SDIO_IRQHandler</a> from startup_gd32e50x_hd.o(.text) referenced from startup_gd32e50x_hd.o(RESET)
 <LI><a href="#[86]">SHRTIMER_IRQ0_IRQHandler</a> from startup_gd32e50x_hd.o(.text) referenced from startup_gd32e50x_hd.o(RESET)
 <LI><a href="#[87]">SHRTIMER_IRQ1_IRQHandler</a> from startup_gd32e50x_hd.o(.text) referenced from startup_gd32e50x_hd.o(RESET)
 <LI><a href="#[81]">SHRTIMER_IRQ2_IRQHandler</a> from startup_gd32e50x_hd.o(.text) referenced from startup_gd32e50x_hd.o(RESET)
 <LI><a href="#[82]">SHRTIMER_IRQ3_IRQHandler</a> from startup_gd32e50x_hd.o(.text) referenced from startup_gd32e50x_hd.o(RESET)
 <LI><a href="#[83]">SHRTIMER_IRQ4_IRQHandler</a> from startup_gd32e50x_hd.o(.text) referenced from startup_gd32e50x_hd.o(RESET)
 <LI><a href="#[84]">SHRTIMER_IRQ5_IRQHandler</a> from startup_gd32e50x_hd.o(.text) referenced from startup_gd32e50x_hd.o(RESET)
 <LI><a href="#[85]">SHRTIMER_IRQ6_IRQHandler</a> from startup_gd32e50x_hd.o(.text) referenced from startup_gd32e50x_hd.o(RESET)
 <LI><a href="#[64]">SPI0_IRQHandler</a> from startup_gd32e50x_hd.o(.text) referenced from startup_gd32e50x_hd.o(RESET)
 <LI><a href="#[65]">SPI1_I2S1ADD_IRQHandler</a> from startup_gd32e50x_hd.o(.text) referenced from startup_gd32e50x_hd.o(RESET)
 <LI><a href="#[74]">SPI2_I2S2ADD_IRQHandler</a> from startup_gd32e50x_hd.o(.text) referenced from startup_gd32e50x_hd.o(RESET)
 <LI><a href="#[3d]">SVC_Handler</a> from portasm.o(.text.SVC_Handler) referenced from startup_gd32e50x_hd.o(RESET)
 <LI><a href="#[40]">SysTick_Handler</a> from port.o(.text.SysTick_Handler) referenced from startup_gd32e50x_hd.o(RESET)
 <LI><a href="#[8e]">SystemInit</a> from system_gd32e50x.o(.text.SystemInit) referenced from startup_gd32e50x_hd.o(.text)
 <LI><a href="#[43]">TAMPER_IRQHandler</a> from startup_gd32e50x_hd.o(.text) referenced from startup_gd32e50x_hd.o(RESET)
 <LI><a href="#[59]">TIMER0_BRK_IRQHandler</a> from startup_gd32e50x_hd.o(.text) referenced from startup_gd32e50x_hd.o(RESET)
 <LI><a href="#[5c]">TIMER0_Channel_IRQHandler</a> from startup_gd32e50x_hd.o(.text) referenced from startup_gd32e50x_hd.o(RESET)
 <LI><a href="#[5b]">TIMER0_TRG_CMT_IRQHandler</a> from startup_gd32e50x_hd.o(.text) referenced from startup_gd32e50x_hd.o(RESET)
 <LI><a href="#[5a]">TIMER0_UP_IRQHandler</a> from startup_gd32e50x_hd.o(.text) referenced from startup_gd32e50x_hd.o(RESET)
 <LI><a href="#[5d]">TIMER1_IRQHandler</a> from startup_gd32e50x_hd.o(.text) referenced from startup_gd32e50x_hd.o(RESET)
 <LI><a href="#[5e]">TIMER2_IRQHandler</a> from startup_gd32e50x_hd.o(.text) referenced from startup_gd32e50x_hd.o(RESET)
 <LI><a href="#[5f]">TIMER3_IRQHandler</a> from startup_gd32e50x_hd.o(.text) referenced from startup_gd32e50x_hd.o(RESET)
 <LI><a href="#[73]">TIMER4_IRQHandler</a> from startup_gd32e50x_hd.o(.text) referenced from startup_gd32e50x_hd.o(RESET)
 <LI><a href="#[77]">TIMER5_DAC_IRQHandler</a> from startup_gd32e50x_hd.o(.text) referenced from startup_gd32e50x_hd.o(RESET)
 <LI><a href="#[78]">TIMER6_IRQHandler</a> from startup_gd32e50x_hd.o(.text) referenced from startup_gd32e50x_hd.o(RESET)
 <LI><a href="#[6c]">TIMER7_BRK_IRQHandler</a> from startup_gd32e50x_hd.o(.text) referenced from startup_gd32e50x_hd.o(RESET)
 <LI><a href="#[6f]">TIMER7_Channel_IRQHandler</a> from startup_gd32e50x_hd.o(.text) referenced from startup_gd32e50x_hd.o(RESET)
 <LI><a href="#[6e]">TIMER7_TRG_CMT_IRQHandler</a> from startup_gd32e50x_hd.o(.text) referenced from startup_gd32e50x_hd.o(RESET)
 <LI><a href="#[6d]">TIMER7_UP_IRQHandler</a> from startup_gd32e50x_hd.o(.text) referenced from startup_gd32e50x_hd.o(RESET)
 <LI><a href="#[75]">UART3_IRQHandler</a> from gd32e50x_it.o(.text.UART3_IRQHandler) referenced from startup_gd32e50x_hd.o(RESET)
 <LI><a href="#[76]">UART4_IRQHandler</a> from gd32e50x_it.o(.text.UART4_IRQHandler) referenced from startup_gd32e50x_hd.o(RESET)
 <LI><a href="#[66]">USART0_IRQHandler</a> from gd32e50x_it.o(.text.USART0_IRQHandler) referenced from startup_gd32e50x_hd.o(RESET)
 <LI><a href="#[67]">USART1_IRQHandler</a> from gd32e50x_it.o(.text.USART1_IRQHandler) referenced from startup_gd32e50x_hd.o(RESET)
 <LI><a href="#[68]">USART2_IRQHandler</a> from gd32e50x_it.o(.text.USART2_IRQHandler) referenced from startup_gd32e50x_hd.o(RESET)
 <LI><a href="#[8a]">USART5_IRQHandler</a> from gd32e50x_it.o(.text.USART5_IRQHandler) referenced from startup_gd32e50x_hd.o(RESET)
 <LI><a href="#[8c]">USART5_WKUP_IRQHandler</a> from startup_gd32e50x_hd.o(.text) referenced from startup_gd32e50x_hd.o(RESET)
 <LI><a href="#[54]">USBD_HP_CAN0_TX_IRQHandler</a> from startup_gd32e50x_hd.o(.text) referenced from startup_gd32e50x_hd.o(RESET)
 <LI><a href="#[55]">USBD_LP_CAN0_RX0_IRQHandler</a> from gd32e50x_it.o(.text.USBD_LP_CAN0_RX0_IRQHandler) referenced from startup_gd32e50x_hd.o(RESET)
 <LI><a href="#[6b]">USBD_WKUP_IRQHandler</a> from startup_gd32e50x_hd.o(.text) referenced from startup_gd32e50x_hd.o(RESET)
 <LI><a href="#[3c]">UsageFault_Handler</a> from gd32e50x_it.o(.text.UsageFault_Handler) referenced from startup_gd32e50x_hd.o(RESET)
 <LI><a href="#[41]">WWDGT_IRQHandler</a> from startup_gd32e50x_hd.o(.text) referenced from startup_gd32e50x_hd.o(RESET)
 <LI><a href="#[8f]">__main</a> from entry.o(.ARM.Collect$$$$00000000) referenced from startup_gd32e50x_hd.o(.text)
 <LI><a href="#[95]">_sputc</a> from printfa.o(i._sputc) referenced from printfa.o(i.__0sprintf)
 <LI><a href="#[25]">_usb_config_desc_get</a> from usbd_enum.o(.text._usb_config_desc_get) referenced 2 times from usbd_enum.o(.data.std_desc_get)
 <LI><a href="#[24]">_usb_dev_desc_get</a> from usbd_enum.o(.text._usb_dev_desc_get) referenced 2 times from usbd_enum.o(.data.std_desc_get)
 <LI><a href="#[93]">_usb_in0_transc</a> from usbd_transc.o(.text._usb_in0_transc) referenced 2 times from usbd_core.o(.text.usbd_init)
 <LI><a href="#[92]">_usb_out0_transc</a> from usbd_transc.o(.text._usb_out0_transc) referenced 2 times from usbd_core.o(.text.usbd_init)
 <LI><a href="#[91]">_usb_setup_transc</a> from usbd_transc.o(.text._usb_setup_transc) referenced 2 times from usbd_core.o(.text.usbd_init)
 <LI><a href="#[1]">_usb_std_clearfeature</a> from usbd_enum.o(.text._usb_std_clearfeature) referenced 2 times from usbd_enum.o(.data._std_dev_req)
 <LI><a href="#[7]">_usb_std_getconfiguration</a> from usbd_enum.o(.text._usb_std_getconfiguration) referenced 2 times from usbd_enum.o(.data._std_dev_req)
 <LI><a href="#[5]">_usb_std_getdescriptor</a> from usbd_enum.o(.text._usb_std_getdescriptor) referenced 2 times from usbd_enum.o(.data._std_dev_req)
 <LI><a href="#[9]">_usb_std_getinterface</a> from usbd_enum.o(.text._usb_std_getinterface) referenced 2 times from usbd_enum.o(.data._std_dev_req)
 <LI><a href="#[0]">_usb_std_getstatus</a> from usbd_enum.o(.text._usb_std_getstatus) referenced 2 times from usbd_enum.o(.data._std_dev_req)
 <LI><a href="#[2]">_usb_std_reserved</a> from usbd_enum.o(.text._usb_std_reserved) referenced 4 times from usbd_enum.o(.data._std_dev_req)
 <LI><a href="#[4]">_usb_std_setaddress</a> from usbd_enum.o(.text._usb_std_setaddress) referenced 2 times from usbd_enum.o(.data._std_dev_req)
 <LI><a href="#[8]">_usb_std_setconfiguration</a> from usbd_enum.o(.text._usb_std_setconfiguration) referenced 2 times from usbd_enum.o(.data._std_dev_req)
 <LI><a href="#[6]">_usb_std_setdescriptor</a> from usbd_enum.o(.text._usb_std_setdescriptor) referenced 2 times from usbd_enum.o(.data._std_dev_req)
 <LI><a href="#[3]">_usb_std_setfeature</a> from usbd_enum.o(.text._usb_std_setfeature) referenced 2 times from usbd_enum.o(.data._std_dev_req)
 <LI><a href="#[a]">_usb_std_setinterface</a> from usbd_enum.o(.text._usb_std_setinterface) referenced 2 times from usbd_enum.o(.data._std_dev_req)
 <LI><a href="#[b]">_usb_std_synchframe</a> from usbd_enum.o(.text._usb_std_synchframe) referenced 2 times from usbd_enum.o(.data._std_dev_req)
 <LI><a href="#[26]">_usb_str_desc_get</a> from usbd_enum.o(.text._usb_str_desc_get) referenced 2 times from usbd_enum.o(.data.std_desc_get)
 <LI><a href="#[f]">cdc_acm_ctlx_out</a> from cdc_acm_core.o(.text.cdc_acm_ctlx_out) referenced 2 times from cdc_acm_core.o(.data.cdc_class)
 <LI><a href="#[10]">cdc_acm_data_in</a> from cdc_acm_core.o(.text.cdc_acm_data_in) referenced 2 times from cdc_acm_core.o(.data.cdc_class)
 <LI><a href="#[11]">cdc_acm_data_out</a> from cdc_acm_core.o(.text.cdc_acm_data_out) referenced 2 times from cdc_acm_core.o(.data.cdc_class)
 <LI><a href="#[d]">cdc_acm_deinit</a> from cdc_acm_core.o(.text.cdc_acm_deinit) referenced 2 times from cdc_acm_core.o(.data.cdc_class)
 <LI><a href="#[c]">cdc_acm_init</a> from cdc_acm_core.o(.text.cdc_acm_init) referenced 2 times from cdc_acm_core.o(.data.cdc_class)
 <LI><a href="#[e]">cdc_acm_req_handler</a> from cdc_acm_core.o(.text.cdc_acm_req_handler) referenced 2 times from cdc_acm_core.o(.data.cdc_class)
 <LI><a href="#[94]">fputc</a> from main.o(.text.fputc) referenced from printfa.o(i.__0printf)
 <LI><a href="#[1b]">get12V</a> from snmpdemo.o(.text.get12V) referenced 2 times from snmpdemo.o(.data.snmpData)
 <LI><a href="#[19]">getAd</a> from snmpdemo.o(.text.getAd) referenced 2 times from snmpdemo.o(.data.snmpData)
 <LI><a href="#[18]">getAndroid_Ctrl</a> from snmpdemo.o(.text.getAndroid_Ctrl) referenced 2 times from snmpdemo.o(.data.snmpData)
 <LI><a href="#[1a]">getBat</a> from snmpdemo.o(.text.getBat) referenced 2 times from snmpdemo.o(.data.snmpData)
 <LI><a href="#[1e]">getComInfo</a> from snmpdemo.o(.text.getComInfo) referenced 2 times from snmpdemo.o(.data.snmpData)
 <LI><a href="#[14]">getDeviceTempe</a> from snmpdemo.o(.text.getDeviceTempe) referenced 2 times from snmpdemo.o(.data.snmpData)
 <LI><a href="#[17]">getDipStatus</a> from snmpdemo.o(.text.getDipStatus) referenced 2 times from snmpdemo.o(.data.snmpData)
 <LI><a href="#[15]">getInputStatus</a> from snmpdemo.o(.text.getInputStatus) referenced 2 times from snmpdemo.o(.data.snmpData)
 <LI><a href="#[1c]">getModbus_ID</a> from snmpdemo.o(.text.getModbus_ID) referenced 2 times from snmpdemo.o(.data.snmpData)
 <LI><a href="#[16]">getOutputStatus</a> from snmpdemo.o(.text.getOutputStatus) referenced 2 times from snmpdemo.o(.data.snmpData)
 <LI><a href="#[13]">getRTS</a> from snmpdemo.o(.text.getRTS) referenced 2 times from snmpdemo.o(.data.snmpData)
 <LI><a href="#[1d]">getRj45</a> from snmpdemo.o(.text.getRj45) referenced 2 times from snmpdemo.o(.data.snmpData)
 <LI><a href="#[12]">getWIZnetLed</a> from snmpdemo.o(.text.getWIZnetLed) referenced 2 times from snmpdemo.o(.data.snmpData)
 <LI><a href="#[8d]">main</a> from main.o(.text.main) referenced from entry9a.o(.ARM.Collect$$$$0000000B)
 <LI><a href="#[21]">setAndroid_Ctrl</a> from snmpdemo.o(.text.setAndroid_Ctrl) referenced 2 times from snmpdemo.o(.data.snmpData)
 <LI><a href="#[20]">setOutput_Off</a> from snmpdemo.o(.text.setOutput_Off) referenced 2 times from snmpdemo.o(.data.snmpData)
 <LI><a href="#[1f]">setOutput_On</a> from snmpdemo.o(.text.setOutput_On) referenced 2 times from snmpdemo.o(.data.snmpData)
 <LI><a href="#[23]">setRj45_MAC</a> from snmpdemo.o(.text.setRj45_MAC) referenced 2 times from snmpdemo.o(.data.snmpData)
 <LI><a href="#[22]">setWIZnetLed</a> from snmpdemo.o(.text.setWIZnetLed) referenced 2 times from snmpdemo.o(.data.snmpData)
 <LI><a href="#[2a]">usbd_address_set</a> from usbd_lld_core.o(.text.usbd_address_set) referenced 2 times from usbd_lld_core.o(.data.usbd_drv_handler)
 <LI><a href="#[27]">usbd_core_reset</a> from usbd_lld_core.o(.text.usbd_core_reset) referenced 2 times from usbd_lld_core.o(.data.usbd_drv_handler)
 <LI><a href="#[28]">usbd_core_stop</a> from usbd_lld_core.o(.text.usbd_core_stop) referenced 2 times from usbd_lld_core.o(.data.usbd_drv_handler)
 <LI><a href="#[29]">usbd_dp_pullup</a> from usbd_lld_core.o(.text.usbd_dp_pullup) referenced 2 times from usbd_lld_core.o(.data.usbd_drv_handler)
 <LI><a href="#[33]">usbd_ep_data_read</a> from usbd_lld_core.o(.text.usbd_ep_data_read) referenced 2 times from usbd_lld_core.o(.data.usbd_drv_handler)
 <LI><a href="#[32]">usbd_ep_data_write</a> from usbd_lld_core.o(.text.usbd_ep_data_write) referenced 2 times from usbd_lld_core.o(.data.usbd_drv_handler)
 <LI><a href="#[30]">usbd_ep_disable</a> from usbd_lld_core.o(.text.usbd_ep_disable) referenced 2 times from usbd_lld_core.o(.data.usbd_drv_handler)
 <LI><a href="#[2e]">usbd_ep_reset</a> from usbd_lld_core.o(.text.usbd_ep_reset) referenced 2 times from usbd_lld_core.o(.data.usbd_drv_handler)
 <LI><a href="#[31]">usbd_ep_rx_enable</a> from usbd_lld_core.o(.text.usbd_ep_rx_enable) referenced 2 times from usbd_lld_core.o(.data.usbd_drv_handler)
 <LI><a href="#[2f]">usbd_ep_setup</a> from usbd_lld_core.o(.text.usbd_ep_setup) referenced 2 times from usbd_lld_core.o(.data.usbd_drv_handler)
 <LI><a href="#[35]">usbd_ep_stall_clear</a> from usbd_lld_core.o(.text.usbd_ep_stall_clear) referenced 2 times from usbd_lld_core.o(.data.usbd_drv_handler)
 <LI><a href="#[34]">usbd_ep_stall_set</a> from usbd_lld_core.o(.text.usbd_ep_stall_set) referenced 2 times from usbd_lld_core.o(.data.usbd_drv_handler)
 <LI><a href="#[36]">usbd_ep_status</a> from usbd_lld_core.o(.text.usbd_ep_status) referenced 2 times from usbd_lld_core.o(.data.usbd_drv_handler)
 <LI><a href="#[2c]">usbd_leave_suspend</a> from usbd_lld_core.o(.text.usbd_leave_suspend) referenced 2 times from usbd_lld_core.o(.data.usbd_drv_handler)
 <LI><a href="#[2d]">usbd_resume</a> from usbd_lld_core.o(.text.usbd_resume) referenced 2 times from usbd_lld_core.o(.data.usbd_drv_handler)
 <LI><a href="#[2b]">usbd_suspend</a> from usbd_lld_core.o(.text.usbd_suspend) referenced 2 times from usbd_lld_core.o(.data.usbd_drv_handler)
 <LI><a href="#[90]">vPortSVCHandler_C</a> from port.o(.text.vPortSVCHandler_C) referenced from portasm.o(.text.SVC_Handler)
</UL>
<P>
<H3>
Global Symbols
</H3>
<P><STRONG><a name="[8f]"></a>__main</STRONG> (Thumb, 0 bytes, Stack size unknown bytes, entry.o(.ARM.Collect$$$$00000000))
<BR>[Address Reference Count : 1]<UL><LI> startup_gd32e50x_hd.o(.text)
</UL>
<P><STRONG><a name="[268]"></a>_main_stk</STRONG> (Thumb, 0 bytes, Stack size unknown bytes, entry2.o(.ARM.Collect$$$$00000001))

<P><STRONG><a name="[97]"></a>_main_scatterload</STRONG> (Thumb, 0 bytes, Stack size unknown bytes, entry5.o(.ARM.Collect$$$$00000004))
<BR><BR>[Calls]<UL><LI><a href="#[98]">&gt;&gt;</a>&nbsp;&nbsp;&nbsp;__scatterload
</UL>

<P><STRONG><a name="[b3]"></a>__main_after_scatterload</STRONG> (Thumb, 0 bytes, Stack size unknown bytes, entry5.o(.ARM.Collect$$$$00000004))
<BR><BR>[Called By]<UL><LI><a href="#[98]">&gt;&gt;</a>&nbsp;&nbsp;&nbsp;__scatterload
</UL>

<P><STRONG><a name="[269]"></a>_main_clock</STRONG> (Thumb, 0 bytes, Stack size unknown bytes, entry7b.o(.ARM.Collect$$$$00000008))

<P><STRONG><a name="[26a]"></a>_main_cpp_init</STRONG> (Thumb, 0 bytes, Stack size unknown bytes, entry8b.o(.ARM.Collect$$$$0000000A))

<P><STRONG><a name="[26b]"></a>_main_init</STRONG> (Thumb, 0 bytes, Stack size unknown bytes, entry9a.o(.ARM.Collect$$$$0000000B))

<P><STRONG><a name="[26c]"></a>__rt_final_cpp</STRONG> (Thumb, 0 bytes, Stack size unknown bytes, entry10a.o(.ARM.Collect$$$$0000000D))

<P><STRONG><a name="[26d]"></a>__rt_final_exit</STRONG> (Thumb, 0 bytes, Stack size unknown bytes, entry11a.o(.ARM.Collect$$$$0000000F))

<P><STRONG><a name="[37]"></a>Reset_Handler</STRONG> (Thumb, 8 bytes, Stack size 0 bytes, startup_gd32e50x_hd.o(.text))
<BR>[Address Reference Count : 1]<UL><LI> startup_gd32e50x_hd.o(RESET)
</UL>
<P><STRONG><a name="[26e]"></a>MSR_MSP2</STRONG> (Thumb, 6 bytes, Stack size 0 bytes, startup_gd32e50x_hd.o(.text), UNUSED)

<P><STRONG><a name="[53]"></a>ADC0_1_IRQHandler</STRONG> (Thumb, 0 bytes, Stack size 0 bytes, startup_gd32e50x_hd.o(.text))
<BR><BR>[Calls]<UL><LI><a href="#[53]">&gt;&gt;</a>&nbsp;&nbsp;&nbsp;ADC0_1_IRQHandler
</UL>
<BR>[Called By]<UL><LI><a href="#[53]">&gt;&gt;</a>&nbsp;&nbsp;&nbsp;ADC0_1_IRQHandler
</UL>
<BR>[Address Reference Count : 1]<UL><LI> startup_gd32e50x_hd.o(RESET)
</UL>
<P><STRONG><a name="[70]"></a>ADC2_IRQHandler</STRONG> (Thumb, 0 bytes, Stack size 0 bytes, startup_gd32e50x_hd.o(.text))
<BR>[Address Reference Count : 1]<UL><LI> startup_gd32e50x_hd.o(RESET)
</UL>
<P><STRONG><a name="[57]"></a>CAN0_EWMC_IRQHandler</STRONG> (Thumb, 0 bytes, Stack size 0 bytes, startup_gd32e50x_hd.o(.text))
<BR>[Address Reference Count : 1]<UL><LI> startup_gd32e50x_hd.o(RESET)
</UL>
<P><STRONG><a name="[80]"></a>CAN1_EWMC_IRQHandler</STRONG> (Thumb, 0 bytes, Stack size 0 bytes, startup_gd32e50x_hd.o(.text))
<BR>[Address Reference Count : 1]<UL><LI> startup_gd32e50x_hd.o(RESET)
</UL>
<P><STRONG><a name="[7e]"></a>CAN1_RX0_IRQHandler</STRONG> (Thumb, 0 bytes, Stack size 0 bytes, startup_gd32e50x_hd.o(.text))
<BR>[Address Reference Count : 1]<UL><LI> startup_gd32e50x_hd.o(RESET)
</UL>
<P><STRONG><a name="[7f]"></a>CAN1_RX1_IRQHandler</STRONG> (Thumb, 0 bytes, Stack size 0 bytes, startup_gd32e50x_hd.o(.text))
<BR>[Address Reference Count : 1]<UL><LI> startup_gd32e50x_hd.o(RESET)
</UL>
<P><STRONG><a name="[7d]"></a>CAN1_TX_IRQHandler</STRONG> (Thumb, 0 bytes, Stack size 0 bytes, startup_gd32e50x_hd.o(.text))
<BR>[Address Reference Count : 1]<UL><LI> startup_gd32e50x_hd.o(RESET)
</UL>
<P><STRONG><a name="[4c]"></a>DMA0_Channel0_IRQHandler</STRONG> (Thumb, 0 bytes, Stack size 0 bytes, startup_gd32e50x_hd.o(.text))
<BR>[Address Reference Count : 1]<UL><LI> startup_gd32e50x_hd.o(RESET)
</UL>
<P><STRONG><a name="[4d]"></a>DMA0_Channel1_IRQHandler</STRONG> (Thumb, 0 bytes, Stack size 0 bytes, startup_gd32e50x_hd.o(.text))
<BR>[Address Reference Count : 1]<UL><LI> startup_gd32e50x_hd.o(RESET)
</UL>
<P><STRONG><a name="[4e]"></a>DMA0_Channel2_IRQHandler</STRONG> (Thumb, 0 bytes, Stack size 0 bytes, startup_gd32e50x_hd.o(.text))
<BR>[Address Reference Count : 1]<UL><LI> startup_gd32e50x_hd.o(RESET)
</UL>
<P><STRONG><a name="[4f]"></a>DMA0_Channel3_IRQHandler</STRONG> (Thumb, 0 bytes, Stack size 0 bytes, startup_gd32e50x_hd.o(.text))
<BR>[Address Reference Count : 1]<UL><LI> startup_gd32e50x_hd.o(RESET)
</UL>
<P><STRONG><a name="[50]"></a>DMA0_Channel4_IRQHandler</STRONG> (Thumb, 0 bytes, Stack size 0 bytes, startup_gd32e50x_hd.o(.text))
<BR>[Address Reference Count : 1]<UL><LI> startup_gd32e50x_hd.o(RESET)
</UL>
<P><STRONG><a name="[51]"></a>DMA0_Channel5_IRQHandler</STRONG> (Thumb, 0 bytes, Stack size 0 bytes, startup_gd32e50x_hd.o(.text))
<BR>[Address Reference Count : 1]<UL><LI> startup_gd32e50x_hd.o(RESET)
</UL>
<P><STRONG><a name="[52]"></a>DMA0_Channel6_IRQHandler</STRONG> (Thumb, 0 bytes, Stack size 0 bytes, startup_gd32e50x_hd.o(.text))
<BR>[Address Reference Count : 1]<UL><LI> startup_gd32e50x_hd.o(RESET)
</UL>
<P><STRONG><a name="[79]"></a>DMA1_Channel0_IRQHandler</STRONG> (Thumb, 0 bytes, Stack size 0 bytes, startup_gd32e50x_hd.o(.text))
<BR>[Address Reference Count : 1]<UL><LI> startup_gd32e50x_hd.o(RESET)
</UL>
<P><STRONG><a name="[7a]"></a>DMA1_Channel1_IRQHandler</STRONG> (Thumb, 0 bytes, Stack size 0 bytes, startup_gd32e50x_hd.o(.text))
<BR>[Address Reference Count : 1]<UL><LI> startup_gd32e50x_hd.o(RESET)
</UL>
<P><STRONG><a name="[7b]"></a>DMA1_Channel2_IRQHandler</STRONG> (Thumb, 0 bytes, Stack size 0 bytes, startup_gd32e50x_hd.o(.text))
<BR>[Address Reference Count : 1]<UL><LI> startup_gd32e50x_hd.o(RESET)
</UL>
<P><STRONG><a name="[7c]"></a>DMA1_Channel3_4_IRQHandler</STRONG> (Thumb, 0 bytes, Stack size 0 bytes, startup_gd32e50x_hd.o(.text))
<BR>[Address Reference Count : 1]<UL><LI> startup_gd32e50x_hd.o(RESET)
</UL>
<P><STRONG><a name="[71]"></a>EXMC_IRQHandler</STRONG> (Thumb, 0 bytes, Stack size 0 bytes, startup_gd32e50x_hd.o(.text))
<BR>[Address Reference Count : 1]<UL><LI> startup_gd32e50x_hd.o(RESET)
</UL>
<P><STRONG><a name="[69]"></a>EXTI10_15_IRQHandler</STRONG> (Thumb, 0 bytes, Stack size 0 bytes, startup_gd32e50x_hd.o(.text))
<BR>[Address Reference Count : 1]<UL><LI> startup_gd32e50x_hd.o(RESET)
</UL>
<P><STRONG><a name="[49]"></a>EXTI2_IRQHandler</STRONG> (Thumb, 0 bytes, Stack size 0 bytes, startup_gd32e50x_hd.o(.text))
<BR>[Address Reference Count : 1]<UL><LI> startup_gd32e50x_hd.o(RESET)
</UL>
<P><STRONG><a name="[4a]"></a>EXTI3_IRQHandler</STRONG> (Thumb, 0 bytes, Stack size 0 bytes, startup_gd32e50x_hd.o(.text))
<BR>[Address Reference Count : 1]<UL><LI> startup_gd32e50x_hd.o(RESET)
</UL>
<P><STRONG><a name="[45]"></a>FMC_IRQHandler</STRONG> (Thumb, 0 bytes, Stack size 0 bytes, startup_gd32e50x_hd.o(.text))
<BR>[Address Reference Count : 1]<UL><LI> startup_gd32e50x_hd.o(RESET)
</UL>
<P><STRONG><a name="[61]"></a>I2C0_ER_IRQHandler</STRONG> (Thumb, 0 bytes, Stack size 0 bytes, startup_gd32e50x_hd.o(.text))
<BR>[Address Reference Count : 1]<UL><LI> startup_gd32e50x_hd.o(RESET)
</UL>
<P><STRONG><a name="[60]"></a>I2C0_EV_IRQHandler</STRONG> (Thumb, 0 bytes, Stack size 0 bytes, startup_gd32e50x_hd.o(.text))
<BR>[Address Reference Count : 1]<UL><LI> startup_gd32e50x_hd.o(RESET)
</UL>
<P><STRONG><a name="[63]"></a>I2C1_ER_IRQHandler</STRONG> (Thumb, 0 bytes, Stack size 0 bytes, startup_gd32e50x_hd.o(.text))
<BR>[Address Reference Count : 1]<UL><LI> startup_gd32e50x_hd.o(RESET)
</UL>
<P><STRONG><a name="[62]"></a>I2C1_EV_IRQHandler</STRONG> (Thumb, 0 bytes, Stack size 0 bytes, startup_gd32e50x_hd.o(.text))
<BR>[Address Reference Count : 1]<UL><LI> startup_gd32e50x_hd.o(RESET)
</UL>
<P><STRONG><a name="[89]"></a>I2C2_ER_IRQHandler</STRONG> (Thumb, 0 bytes, Stack size 0 bytes, startup_gd32e50x_hd.o(.text))
<BR>[Address Reference Count : 1]<UL><LI> startup_gd32e50x_hd.o(RESET)
</UL>
<P><STRONG><a name="[88]"></a>I2C2_EV_IRQHandler</STRONG> (Thumb, 0 bytes, Stack size 0 bytes, startup_gd32e50x_hd.o(.text))
<BR>[Address Reference Count : 1]<UL><LI> startup_gd32e50x_hd.o(RESET)
</UL>
<P><STRONG><a name="[8b]"></a>I2C2_WKUP_IRQHandler</STRONG> (Thumb, 0 bytes, Stack size 0 bytes, startup_gd32e50x_hd.o(.text))
<BR>[Address Reference Count : 1]<UL><LI> startup_gd32e50x_hd.o(RESET)
</UL>
<P><STRONG><a name="[42]"></a>LVD_IRQHandler</STRONG> (Thumb, 0 bytes, Stack size 0 bytes, startup_gd32e50x_hd.o(.text))
<BR>[Address Reference Count : 1]<UL><LI> startup_gd32e50x_hd.o(RESET)
</UL>
<P><STRONG><a name="[46]"></a>RCU_CTC_IRQHandler</STRONG> (Thumb, 0 bytes, Stack size 0 bytes, startup_gd32e50x_hd.o(.text))
<BR>[Address Reference Count : 1]<UL><LI> startup_gd32e50x_hd.o(RESET)
</UL>
<P><STRONG><a name="[6a]"></a>RTC_Alarm_IRQHandler</STRONG> (Thumb, 0 bytes, Stack size 0 bytes, startup_gd32e50x_hd.o(.text))
<BR>[Address Reference Count : 1]<UL><LI> startup_gd32e50x_hd.o(RESET)
</UL>
<P><STRONG><a name="[44]"></a>RTC_IRQHandler</STRONG> (Thumb, 0 bytes, Stack size 0 bytes, startup_gd32e50x_hd.o(.text))
<BR>[Address Reference Count : 1]<UL><LI> startup_gd32e50x_hd.o(RESET)
</UL>
<P><STRONG><a name="[72]"></a>SDIO_IRQHandler</STRONG> (Thumb, 0 bytes, Stack size 0 bytes, startup_gd32e50x_hd.o(.text))
<BR>[Address Reference Count : 1]<UL><LI> startup_gd32e50x_hd.o(RESET)
</UL>
<P><STRONG><a name="[86]"></a>SHRTIMER_IRQ0_IRQHandler</STRONG> (Thumb, 0 bytes, Stack size 0 bytes, startup_gd32e50x_hd.o(.text))
<BR>[Address Reference Count : 1]<UL><LI> startup_gd32e50x_hd.o(RESET)
</UL>
<P><STRONG><a name="[87]"></a>SHRTIMER_IRQ1_IRQHandler</STRONG> (Thumb, 0 bytes, Stack size 0 bytes, startup_gd32e50x_hd.o(.text))
<BR>[Address Reference Count : 1]<UL><LI> startup_gd32e50x_hd.o(RESET)
</UL>
<P><STRONG><a name="[81]"></a>SHRTIMER_IRQ2_IRQHandler</STRONG> (Thumb, 0 bytes, Stack size 0 bytes, startup_gd32e50x_hd.o(.text))
<BR>[Address Reference Count : 1]<UL><LI> startup_gd32e50x_hd.o(RESET)
</UL>
<P><STRONG><a name="[82]"></a>SHRTIMER_IRQ3_IRQHandler</STRONG> (Thumb, 0 bytes, Stack size 0 bytes, startup_gd32e50x_hd.o(.text))
<BR>[Address Reference Count : 1]<UL><LI> startup_gd32e50x_hd.o(RESET)
</UL>
<P><STRONG><a name="[83]"></a>SHRTIMER_IRQ4_IRQHandler</STRONG> (Thumb, 0 bytes, Stack size 0 bytes, startup_gd32e50x_hd.o(.text))
<BR>[Address Reference Count : 1]<UL><LI> startup_gd32e50x_hd.o(RESET)
</UL>
<P><STRONG><a name="[84]"></a>SHRTIMER_IRQ5_IRQHandler</STRONG> (Thumb, 0 bytes, Stack size 0 bytes, startup_gd32e50x_hd.o(.text))
<BR>[Address Reference Count : 1]<UL><LI> startup_gd32e50x_hd.o(RESET)
</UL>
<P><STRONG><a name="[85]"></a>SHRTIMER_IRQ6_IRQHandler</STRONG> (Thumb, 0 bytes, Stack size 0 bytes, startup_gd32e50x_hd.o(.text))
<BR>[Address Reference Count : 1]<UL><LI> startup_gd32e50x_hd.o(RESET)
</UL>
<P><STRONG><a name="[64]"></a>SPI0_IRQHandler</STRONG> (Thumb, 0 bytes, Stack size 0 bytes, startup_gd32e50x_hd.o(.text))
<BR>[Address Reference Count : 1]<UL><LI> startup_gd32e50x_hd.o(RESET)
</UL>
<P><STRONG><a name="[65]"></a>SPI1_I2S1ADD_IRQHandler</STRONG> (Thumb, 0 bytes, Stack size 0 bytes, startup_gd32e50x_hd.o(.text))
<BR>[Address Reference Count : 1]<UL><LI> startup_gd32e50x_hd.o(RESET)
</UL>
<P><STRONG><a name="[74]"></a>SPI2_I2S2ADD_IRQHandler</STRONG> (Thumb, 0 bytes, Stack size 0 bytes, startup_gd32e50x_hd.o(.text))
<BR>[Address Reference Count : 1]<UL><LI> startup_gd32e50x_hd.o(RESET)
</UL>
<P><STRONG><a name="[43]"></a>TAMPER_IRQHandler</STRONG> (Thumb, 0 bytes, Stack size 0 bytes, startup_gd32e50x_hd.o(.text))
<BR>[Address Reference Count : 1]<UL><LI> startup_gd32e50x_hd.o(RESET)
</UL>
<P><STRONG><a name="[59]"></a>TIMER0_BRK_IRQHandler</STRONG> (Thumb, 0 bytes, Stack size 0 bytes, startup_gd32e50x_hd.o(.text))
<BR>[Address Reference Count : 1]<UL><LI> startup_gd32e50x_hd.o(RESET)
</UL>
<P><STRONG><a name="[5c]"></a>TIMER0_Channel_IRQHandler</STRONG> (Thumb, 0 bytes, Stack size 0 bytes, startup_gd32e50x_hd.o(.text))
<BR>[Address Reference Count : 1]<UL><LI> startup_gd32e50x_hd.o(RESET)
</UL>
<P><STRONG><a name="[5b]"></a>TIMER0_TRG_CMT_IRQHandler</STRONG> (Thumb, 0 bytes, Stack size 0 bytes, startup_gd32e50x_hd.o(.text))
<BR>[Address Reference Count : 1]<UL><LI> startup_gd32e50x_hd.o(RESET)
</UL>
<P><STRONG><a name="[5a]"></a>TIMER0_UP_IRQHandler</STRONG> (Thumb, 0 bytes, Stack size 0 bytes, startup_gd32e50x_hd.o(.text))
<BR>[Address Reference Count : 1]<UL><LI> startup_gd32e50x_hd.o(RESET)
</UL>
<P><STRONG><a name="[5d]"></a>TIMER1_IRQHandler</STRONG> (Thumb, 0 bytes, Stack size 0 bytes, startup_gd32e50x_hd.o(.text))
<BR>[Address Reference Count : 1]<UL><LI> startup_gd32e50x_hd.o(RESET)
</UL>
<P><STRONG><a name="[5e]"></a>TIMER2_IRQHandler</STRONG> (Thumb, 0 bytes, Stack size 0 bytes, startup_gd32e50x_hd.o(.text))
<BR>[Address Reference Count : 1]<UL><LI> startup_gd32e50x_hd.o(RESET)
</UL>
<P><STRONG><a name="[5f]"></a>TIMER3_IRQHandler</STRONG> (Thumb, 0 bytes, Stack size 0 bytes, startup_gd32e50x_hd.o(.text))
<BR>[Address Reference Count : 1]<UL><LI> startup_gd32e50x_hd.o(RESET)
</UL>
<P><STRONG><a name="[73]"></a>TIMER4_IRQHandler</STRONG> (Thumb, 0 bytes, Stack size 0 bytes, startup_gd32e50x_hd.o(.text))
<BR>[Address Reference Count : 1]<UL><LI> startup_gd32e50x_hd.o(RESET)
</UL>
<P><STRONG><a name="[77]"></a>TIMER5_DAC_IRQHandler</STRONG> (Thumb, 0 bytes, Stack size 0 bytes, startup_gd32e50x_hd.o(.text))
<BR>[Address Reference Count : 1]<UL><LI> startup_gd32e50x_hd.o(RESET)
</UL>
<P><STRONG><a name="[78]"></a>TIMER6_IRQHandler</STRONG> (Thumb, 0 bytes, Stack size 0 bytes, startup_gd32e50x_hd.o(.text))
<BR>[Address Reference Count : 1]<UL><LI> startup_gd32e50x_hd.o(RESET)
</UL>
<P><STRONG><a name="[6c]"></a>TIMER7_BRK_IRQHandler</STRONG> (Thumb, 0 bytes, Stack size 0 bytes, startup_gd32e50x_hd.o(.text))
<BR>[Address Reference Count : 1]<UL><LI> startup_gd32e50x_hd.o(RESET)
</UL>
<P><STRONG><a name="[6f]"></a>TIMER7_Channel_IRQHandler</STRONG> (Thumb, 0 bytes, Stack size 0 bytes, startup_gd32e50x_hd.o(.text))
<BR>[Address Reference Count : 1]<UL><LI> startup_gd32e50x_hd.o(RESET)
</UL>
<P><STRONG><a name="[6e]"></a>TIMER7_TRG_CMT_IRQHandler</STRONG> (Thumb, 0 bytes, Stack size 0 bytes, startup_gd32e50x_hd.o(.text))
<BR>[Address Reference Count : 1]<UL><LI> startup_gd32e50x_hd.o(RESET)
</UL>
<P><STRONG><a name="[6d]"></a>TIMER7_UP_IRQHandler</STRONG> (Thumb, 0 bytes, Stack size 0 bytes, startup_gd32e50x_hd.o(.text))
<BR>[Address Reference Count : 1]<UL><LI> startup_gd32e50x_hd.o(RESET)
</UL>
<P><STRONG><a name="[8c]"></a>USART5_WKUP_IRQHandler</STRONG> (Thumb, 0 bytes, Stack size 0 bytes, startup_gd32e50x_hd.o(.text))
<BR>[Address Reference Count : 1]<UL><LI> startup_gd32e50x_hd.o(RESET)
</UL>
<P><STRONG><a name="[54]"></a>USBD_HP_CAN0_TX_IRQHandler</STRONG> (Thumb, 0 bytes, Stack size 0 bytes, startup_gd32e50x_hd.o(.text))
<BR>[Address Reference Count : 1]<UL><LI> startup_gd32e50x_hd.o(RESET)
</UL>
<P><STRONG><a name="[6b]"></a>USBD_WKUP_IRQHandler</STRONG> (Thumb, 0 bytes, Stack size 0 bytes, startup_gd32e50x_hd.o(.text))
<BR>[Address Reference Count : 1]<UL><LI> startup_gd32e50x_hd.o(RESET)
</UL>
<P><STRONG><a name="[41]"></a>WWDGT_IRQHandler</STRONG> (Thumb, 0 bytes, Stack size 0 bytes, startup_gd32e50x_hd.o(.text))
<BR>[Address Reference Count : 1]<UL><LI> startup_gd32e50x_hd.o(RESET)
</UL>
<P><STRONG><a name="[b0]"></a>__rt_ctype_table</STRONG> (Thumb, 4 bytes, Stack size 0 bytes, ctype_o.o(.text))
<BR><BR>[Called By]<UL><LI><a href="#[1cb]">&gt;&gt;</a>&nbsp;&nbsp;&nbsp;dumpCode
<LI><a href="#[9e]">&gt;&gt;</a>&nbsp;&nbsp;&nbsp;strtol
</UL>

<P><STRONG><a name="[f7]"></a>__aeabi_memcpy</STRONG> (Thumb, 36 bytes, Stack size 0 bytes, memcpya.o(.text))
<BR><BR>[Called By]<UL><LI><a href="#[19e]">&gt;&gt;</a>&nbsp;&nbsp;&nbsp;uart_set_data_modbus6_com
<LI><a href="#[175]">&gt;&gt;</a>&nbsp;&nbsp;&nbsp;set_pvt_para
<LI><a href="#[170]">&gt;&gt;</a>&nbsp;&nbsp;&nbsp;get_pvt_para
<LI><a href="#[221]">&gt;&gt;</a>&nbsp;&nbsp;&nbsp;deal_rev_data
<LI><a href="#[16b]">&gt;&gt;</a>&nbsp;&nbsp;&nbsp;InitW5500Data
<LI><a href="#[127]">&gt;&gt;</a>&nbsp;&nbsp;&nbsp;DZ_Uart_Get_Data
<LI><a href="#[fa]">&gt;&gt;</a>&nbsp;&nbsp;&nbsp;getSpecData
<LI><a href="#[ff]">&gt;&gt;</a>&nbsp;&nbsp;&nbsp;GetSsid
<LI><a href="#[f6]">&gt;&gt;</a>&nbsp;&nbsp;&nbsp;CfgWifiPara
<LI><a href="#[112]">&gt;&gt;</a>&nbsp;&nbsp;&nbsp;Mqtt_Rece_Proces
<LI><a href="#[197]">&gt;&gt;</a>&nbsp;&nbsp;&nbsp;can_send
<LI><a href="#[13e]">&gt;&gt;</a>&nbsp;&nbsp;&nbsp;Local_RTU
<LI><a href="#[109]">&gt;&gt;</a>&nbsp;&nbsp;&nbsp;Com_Send
<LI><a href="#[17b]">&gt;&gt;</a>&nbsp;&nbsp;&nbsp;MQTT_PUBLISH
<LI><a href="#[178]">&gt;&gt;</a>&nbsp;&nbsp;&nbsp;MQTT_Connect
<LI><a href="#[159]">&gt;&gt;</a>&nbsp;&nbsp;&nbsp;Get_Publish_Pl_One_Par_Item_Data
<LI><a href="#[240]">&gt;&gt;</a>&nbsp;&nbsp;&nbsp;parseVersion
<LI><a href="#[242]">&gt;&gt;</a>&nbsp;&nbsp;&nbsp;parseVarBind
<LI><a href="#[23e]">&gt;&gt;</a>&nbsp;&nbsp;&nbsp;parseSequenceOf
<LI><a href="#[241]">&gt;&gt;</a>&nbsp;&nbsp;&nbsp;parseSequence
<LI><a href="#[1cc]">&gt;&gt;</a>&nbsp;&nbsp;&nbsp;parseSNMPMessage
<LI><a href="#[23d]">&gt;&gt;</a>&nbsp;&nbsp;&nbsp;parseRequest
<LI><a href="#[23b]">&gt;&gt;</a>&nbsp;&nbsp;&nbsp;parseCommunity
<LI><a href="#[122]">&gt;&gt;</a>&nbsp;&nbsp;&nbsp;send_data
<LI><a href="#[1e5]">&gt;&gt;</a>&nbsp;&nbsp;&nbsp;Wifi_Rj45_Param
<LI><a href="#[11a]">&gt;&gt;</a>&nbsp;&nbsp;&nbsp;ConfigDataDeal
<LI><a href="#[105]">&gt;&gt;</a>&nbsp;&nbsp;&nbsp;GetICCID
<LI><a href="#[149]">&gt;&gt;</a>&nbsp;&nbsp;&nbsp;GPRSThread
<LI><a href="#[12b]">&gt;&gt;</a>&nbsp;&nbsp;&nbsp;Dailer
</UL>

<P><STRONG><a name="[172]"></a>__aeabi_memcpy4</STRONG> (Thumb, 0 bytes, Stack size 0 bytes, memcpya.o(.text))
<BR><BR>[Called By]<UL><LI><a href="#[13e]">&gt;&gt;</a>&nbsp;&nbsp;&nbsp;Local_RTU
</UL>

<P><STRONG><a name="[26f]"></a>__aeabi_memcpy8</STRONG> (Thumb, 0 bytes, Stack size 0 bytes, memcpya.o(.text), UNUSED)

<P><STRONG><a name="[9a]"></a>__aeabi_memset</STRONG> (Thumb, 14 bytes, Stack size 0 bytes, memseta.o(.text))
<BR><BR>[Called By]<UL><LI><a href="#[9b]">&gt;&gt;</a>&nbsp;&nbsp;&nbsp;_memset$wrapper
<LI><a href="#[99]">&gt;&gt;</a>&nbsp;&nbsp;&nbsp;__aeabi_memclr
</UL>

<P><STRONG><a name="[270]"></a>__aeabi_memset4</STRONG> (Thumb, 0 bytes, Stack size 0 bytes, memseta.o(.text), UNUSED)

<P><STRONG><a name="[271]"></a>__aeabi_memset8</STRONG> (Thumb, 0 bytes, Stack size 0 bytes, memseta.o(.text), UNUSED)

<P><STRONG><a name="[99]"></a>__aeabi_memclr</STRONG> (Thumb, 4 bytes, Stack size 0 bytes, memseta.o(.text))
<BR><BR>[Calls]<UL><LI><a href="#[9a]">&gt;&gt;</a>&nbsp;&nbsp;&nbsp;__aeabi_memset
</UL>
<BR>[Called By]<UL><LI><a href="#[127]">&gt;&gt;</a>&nbsp;&nbsp;&nbsp;DZ_Uart_Get_Data
<LI><a href="#[ff]">&gt;&gt;</a>&nbsp;&nbsp;&nbsp;GetSsid
<LI><a href="#[f8]">&gt;&gt;</a>&nbsp;&nbsp;&nbsp;CmdExe_WB
<LI><a href="#[e0]">&gt;&gt;</a>&nbsp;&nbsp;&nbsp;init_config
<LI><a href="#[13e]">&gt;&gt;</a>&nbsp;&nbsp;&nbsp;Local_RTU
<LI><a href="#[17b]">&gt;&gt;</a>&nbsp;&nbsp;&nbsp;MQTT_PUBLISH
<LI><a href="#[178]">&gt;&gt;</a>&nbsp;&nbsp;&nbsp;MQTT_Connect
<LI><a href="#[1e5]">&gt;&gt;</a>&nbsp;&nbsp;&nbsp;Wifi_Rj45_Param
<LI><a href="#[102]">&gt;&gt;</a>&nbsp;&nbsp;&nbsp;CmdExe
</UL>

<P><STRONG><a name="[237]"></a>__aeabi_memclr4</STRONG> (Thumb, 0 bytes, Stack size 0 bytes, memseta.o(.text))
<BR><BR>[Called By]<UL><LI><a href="#[dd]">&gt;&gt;</a>&nbsp;&nbsp;&nbsp;init_config_net
<LI><a href="#[df]">&gt;&gt;</a>&nbsp;&nbsp;&nbsp;init_config_ads1247
</UL>

<P><STRONG><a name="[272]"></a>__aeabi_memclr8</STRONG> (Thumb, 0 bytes, Stack size 0 bytes, memseta.o(.text), UNUSED)

<P><STRONG><a name="[9b]"></a>_memset$wrapper</STRONG> (Thumb, 18 bytes, Stack size 8 bytes, memseta.o(.text), UNUSED)
<BR><BR>[Calls]<UL><LI><a href="#[9a]">&gt;&gt;</a>&nbsp;&nbsp;&nbsp;__aeabi_memset
</UL>

<P><STRONG><a name="[fd]"></a>strcat</STRONG> (Thumb, 24 bytes, Stack size 0 bytes, strcat.o(.text))
<BR><BR>[Called By]<UL><LI><a href="#[127]">&gt;&gt;</a>&nbsp;&nbsp;&nbsp;DZ_Uart_Get_Data
<LI><a href="#[f6]">&gt;&gt;</a>&nbsp;&nbsp;&nbsp;CfgWifiPara
</UL>

<P><STRONG><a name="[10b]"></a>strstr</STRONG> (Thumb, 36 bytes, Stack size 12 bytes, strstr.o(.text))
<BR><BR>[Stack]<UL><LI>Max Depth = 12<LI>Call Chain = strstr
</UL>
<BR>[Called By]<UL><LI><a href="#[fa]">&gt;&gt;</a>&nbsp;&nbsp;&nbsp;getSpecData
<LI><a href="#[f8]">&gt;&gt;</a>&nbsp;&nbsp;&nbsp;CmdExe_WB
<LI><a href="#[14a]">&gt;&gt;</a>&nbsp;&nbsp;&nbsp;WaitForResult
<LI><a href="#[148]">&gt;&gt;</a>&nbsp;&nbsp;&nbsp;GprsDisConn
<LI><a href="#[107]">&gt;&gt;</a>&nbsp;&nbsp;&nbsp;GetREG
<LI><a href="#[104]">&gt;&gt;</a>&nbsp;&nbsp;&nbsp;GetIMSI
<LI><a href="#[105]">&gt;&gt;</a>&nbsp;&nbsp;&nbsp;GetICCID
<LI><a href="#[103]">&gt;&gt;</a>&nbsp;&nbsp;&nbsp;GetCSQ
<LI><a href="#[106]">&gt;&gt;</a>&nbsp;&nbsp;&nbsp;GetCOPS
<LI><a href="#[102]">&gt;&gt;</a>&nbsp;&nbsp;&nbsp;CmdExe
</UL>

<P><STRONG><a name="[108]"></a>strlen</STRONG> (Thumb, 14 bytes, Stack size 0 bytes, strlen.o(.text))
<BR><BR>[Called By]<UL><LI><a href="#[175]">&gt;&gt;</a>&nbsp;&nbsp;&nbsp;set_pvt_para
<LI><a href="#[127]">&gt;&gt;</a>&nbsp;&nbsp;&nbsp;DZ_Uart_Get_Data
<LI><a href="#[fa]">&gt;&gt;</a>&nbsp;&nbsp;&nbsp;getSpecData
<LI><a href="#[10c]">&gt;&gt;</a>&nbsp;&nbsp;&nbsp;WifiBleCmdSend
<LI><a href="#[fe]">&gt;&gt;</a>&nbsp;&nbsp;&nbsp;InsertLog
<LI><a href="#[141]">&gt;&gt;</a>&nbsp;&nbsp;&nbsp;MQTT_Run
<LI><a href="#[13e]">&gt;&gt;</a>&nbsp;&nbsp;&nbsp;Local_RTU
<LI><a href="#[17b]">&gt;&gt;</a>&nbsp;&nbsp;&nbsp;MQTT_PUBLISH
<LI><a href="#[178]">&gt;&gt;</a>&nbsp;&nbsp;&nbsp;MQTT_Connect
<LI><a href="#[159]">&gt;&gt;</a>&nbsp;&nbsp;&nbsp;Get_Publish_Pl_One_Par_Item_Data
<LI><a href="#[235]">&gt;&gt;</a>&nbsp;&nbsp;&nbsp;getEntry
<LI><a href="#[21e]">&gt;&gt;</a>&nbsp;&nbsp;&nbsp;configinfo_package2
<LI><a href="#[218]">&gt;&gt;</a>&nbsp;&nbsp;&nbsp;configinfo_package
<LI><a href="#[102]">&gt;&gt;</a>&nbsp;&nbsp;&nbsp;CmdExe
</UL>

<P><STRONG><a name="[17c]"></a>strcmp</STRONG> (Thumb, 28 bytes, Stack size 8 bytes, strcmp.o(.text))
<BR><BR>[Stack]<UL><LI>Max Depth = 8<LI>Call Chain = strcmp
</UL>
<BR>[Called By]<UL><LI><a href="#[112]">&gt;&gt;</a>&nbsp;&nbsp;&nbsp;Mqtt_Rece_Proces
<LI><a href="#[117]">&gt;&gt;</a>&nbsp;&nbsp;&nbsp;cdc_acm_data_send
<LI><a href="#[116]">&gt;&gt;</a>&nbsp;&nbsp;&nbsp;cdc_acm_data_receive
<LI><a href="#[17b]">&gt;&gt;</a>&nbsp;&nbsp;&nbsp;MQTT_PUBLISH
</UL>

<P><STRONG><a name="[225]"></a>memcmp</STRONG> (Thumb, 26 bytes, Stack size 12 bytes, memcmp.o(.text))
<BR><BR>[Stack]<UL><LI>Max Depth = 12<LI>Call Chain = memcmp
</UL>
<BR>[Called By]<UL><LI><a href="#[23b]">&gt;&gt;</a>&nbsp;&nbsp;&nbsp;parseCommunity
<LI><a href="#[224]">&gt;&gt;</a>&nbsp;&nbsp;&nbsp;findEntry
</UL>

<P><STRONG><a name="[fc]"></a>strcpy</STRONG> (Thumb, 18 bytes, Stack size 0 bytes, strcpy.o(.text))
<BR><BR>[Called By]<UL><LI><a href="#[f6]">&gt;&gt;</a>&nbsp;&nbsp;&nbsp;CfgWifiPara
<LI><a href="#[e0]">&gt;&gt;</a>&nbsp;&nbsp;&nbsp;init_config
<LI><a href="#[104]">&gt;&gt;</a>&nbsp;&nbsp;&nbsp;GetIMSI
</UL>

<P><STRONG><a name="[9c]"></a>atoi</STRONG> (Thumb, 26 bytes, Stack size 16 bytes, atoi.o(.text))
<BR><BR>[Stack]<UL><LI>Max Depth = 88<LI>Call Chain = atoi &rArr; strtol &rArr; _strtoul
</UL>
<BR>[Calls]<UL><LI><a href="#[9e]">&gt;&gt;</a>&nbsp;&nbsp;&nbsp;strtol
<LI><a href="#[9d]">&gt;&gt;</a>&nbsp;&nbsp;&nbsp;__aeabi_errno_addr
</UL>
<BR>[Called By]<UL><LI><a href="#[170]">&gt;&gt;</a>&nbsp;&nbsp;&nbsp;get_pvt_para
<LI><a href="#[151]">&gt;&gt;</a>&nbsp;&nbsp;&nbsp;ToIp
<LI><a href="#[158]">&gt;&gt;</a>&nbsp;&nbsp;&nbsp;GetWifiMode
<LI><a href="#[156]">&gt;&gt;</a>&nbsp;&nbsp;&nbsp;GetTdInfo
<LI><a href="#[ff]">&gt;&gt;</a>&nbsp;&nbsp;&nbsp;GetSsid
<LI><a href="#[152]">&gt;&gt;</a>&nbsp;&nbsp;&nbsp;GetRssi
<LI><a href="#[14f]">&gt;&gt;</a>&nbsp;&nbsp;&nbsp;GetDhcp
<LI><a href="#[f6]">&gt;&gt;</a>&nbsp;&nbsp;&nbsp;CfgWifiPara
<LI><a href="#[1ce]">&gt;&gt;</a>&nbsp;&nbsp;&nbsp;Socket_Init
<LI><a href="#[13e]">&gt;&gt;</a>&nbsp;&nbsp;&nbsp;Local_RTU
</UL>

<P><STRONG><a name="[9f]"></a>__aeabi_dadd</STRONG> (Thumb, 322 bytes, Stack size 48 bytes, dadd.o(.text))
<BR><BR>[Stack]<UL><LI>Max Depth = 88<LI>Call Chain = __aeabi_dadd &rArr; _double_epilogue &rArr; _double_round
</UL>
<BR>[Calls]<UL><LI><a href="#[a1]">&gt;&gt;</a>&nbsp;&nbsp;&nbsp;__aeabi_lasr
<LI><a href="#[a0]">&gt;&gt;</a>&nbsp;&nbsp;&nbsp;__aeabi_llsl
<LI><a href="#[a3]">&gt;&gt;</a>&nbsp;&nbsp;&nbsp;_double_round
<LI><a href="#[a2]">&gt;&gt;</a>&nbsp;&nbsp;&nbsp;_double_epilogue
</UL>
<BR>[Called By]<UL><LI><a href="#[19d]">&gt;&gt;</a>&nbsp;&nbsp;&nbsp;int_to_float
<LI><a href="#[221]">&gt;&gt;</a>&nbsp;&nbsp;&nbsp;deal_rev_data
<LI><a href="#[112]">&gt;&gt;</a>&nbsp;&nbsp;&nbsp;Mqtt_Rece_Proces
<LI><a href="#[12e]">&gt;&gt;</a>&nbsp;&nbsp;&nbsp;Data_Tran
<LI><a href="#[a5]">&gt;&gt;</a>&nbsp;&nbsp;&nbsp;__aeabi_drsub
<LI><a href="#[a4]">&gt;&gt;</a>&nbsp;&nbsp;&nbsp;__aeabi_dsub
<LI><a href="#[263]">&gt;&gt;</a>&nbsp;&nbsp;&nbsp;_fp_digits
</UL>

<P><STRONG><a name="[a4]"></a>__aeabi_dsub</STRONG> (Thumb, 6 bytes, Stack size 0 bytes, dadd.o(.text), UNUSED)
<BR><BR>[Calls]<UL><LI><a href="#[9f]">&gt;&gt;</a>&nbsp;&nbsp;&nbsp;__aeabi_dadd
</UL>

<P><STRONG><a name="[a5]"></a>__aeabi_drsub</STRONG> (Thumb, 6 bytes, Stack size 0 bytes, dadd.o(.text), UNUSED)
<BR><BR>[Calls]<UL><LI><a href="#[9f]">&gt;&gt;</a>&nbsp;&nbsp;&nbsp;__aeabi_dadd
</UL>

<P><STRONG><a name="[a6]"></a>__aeabi_dmul</STRONG> (Thumb, 228 bytes, Stack size 48 bytes, dmul.o(.text))
<BR><BR>[Stack]<UL><LI>Max Depth = 88<LI>Call Chain = __aeabi_dmul &rArr; _double_epilogue &rArr; _double_round
</UL>
<BR>[Calls]<UL><LI><a href="#[a2]">&gt;&gt;</a>&nbsp;&nbsp;&nbsp;_double_epilogue
</UL>
<BR>[Called By]<UL><LI><a href="#[b6]">&gt;&gt;</a>&nbsp;&nbsp;&nbsp;V_Calc
<LI><a href="#[221]">&gt;&gt;</a>&nbsp;&nbsp;&nbsp;deal_rev_data
<LI><a href="#[153]">&gt;&gt;</a>&nbsp;&nbsp;&nbsp;GetTH_SHT3X
<LI><a href="#[12e]">&gt;&gt;</a>&nbsp;&nbsp;&nbsp;Data_Tran
<LI><a href="#[263]">&gt;&gt;</a>&nbsp;&nbsp;&nbsp;_fp_digits
</UL>

<P><STRONG><a name="[a7]"></a>__aeabi_ddiv</STRONG> (Thumb, 222 bytes, Stack size 32 bytes, ddiv.o(.text))
<BR><BR>[Stack]<UL><LI>Max Depth = 40<LI>Call Chain = __aeabi_ddiv &rArr; _double_round
</UL>
<BR>[Calls]<UL><LI><a href="#[a3]">&gt;&gt;</a>&nbsp;&nbsp;&nbsp;_double_round
</UL>
<BR>[Called By]<UL><LI><a href="#[b6]">&gt;&gt;</a>&nbsp;&nbsp;&nbsp;V_Calc
<LI><a href="#[175]">&gt;&gt;</a>&nbsp;&nbsp;&nbsp;set_pvt_para
<LI><a href="#[19d]">&gt;&gt;</a>&nbsp;&nbsp;&nbsp;int_to_float
<LI><a href="#[221]">&gt;&gt;</a>&nbsp;&nbsp;&nbsp;deal_rev_data
<LI><a href="#[112]">&gt;&gt;</a>&nbsp;&nbsp;&nbsp;Mqtt_Rece_Proces
<LI><a href="#[e0]">&gt;&gt;</a>&nbsp;&nbsp;&nbsp;init_config
<LI><a href="#[195]">&gt;&gt;</a>&nbsp;&nbsp;&nbsp;get_all_device_info
<LI><a href="#[13e]">&gt;&gt;</a>&nbsp;&nbsp;&nbsp;Local_RTU
<LI><a href="#[12e]">&gt;&gt;</a>&nbsp;&nbsp;&nbsp;Data_Tran
<LI><a href="#[17b]">&gt;&gt;</a>&nbsp;&nbsp;&nbsp;MQTT_PUBLISH
<LI><a href="#[1a]">&gt;&gt;</a>&nbsp;&nbsp;&nbsp;getBat
<LI><a href="#[1b]">&gt;&gt;</a>&nbsp;&nbsp;&nbsp;get12V
<LI><a href="#[11a]">&gt;&gt;</a>&nbsp;&nbsp;&nbsp;ConfigDataDeal
<LI><a href="#[263]">&gt;&gt;</a>&nbsp;&nbsp;&nbsp;_fp_digits
</UL>

<P><STRONG><a name="[130]"></a>__aeabi_dcmple</STRONG> (Thumb, 54 bytes, Stack size 12 bytes, dcmple.o(.text))
<BR><BR>[Stack]<UL><LI>Max Depth = 12<LI>Call Chain = __aeabi_dcmple
</UL>
<BR>[Called By]<UL><LI><a href="#[12e]">&gt;&gt;</a>&nbsp;&nbsp;&nbsp;Data_Tran
</UL>

<P><STRONG><a name="[a8]"></a>__aeabi_i2d</STRONG> (Thumb, 34 bytes, Stack size 16 bytes, dflti.o(.text))
<BR><BR>[Stack]<UL><LI>Max Depth = 56<LI>Call Chain = __aeabi_i2d &rArr; _double_epilogue &rArr; _double_round
</UL>
<BR>[Calls]<UL><LI><a href="#[a2]">&gt;&gt;</a>&nbsp;&nbsp;&nbsp;_double_epilogue
</UL>
<BR>[Called By]<UL><LI><a href="#[b6]">&gt;&gt;</a>&nbsp;&nbsp;&nbsp;V_Calc
<LI><a href="#[175]">&gt;&gt;</a>&nbsp;&nbsp;&nbsp;set_pvt_para
<LI><a href="#[221]">&gt;&gt;</a>&nbsp;&nbsp;&nbsp;deal_rev_data
<LI><a href="#[112]">&gt;&gt;</a>&nbsp;&nbsp;&nbsp;Mqtt_Rece_Proces
<LI><a href="#[e0]">&gt;&gt;</a>&nbsp;&nbsp;&nbsp;init_config
<LI><a href="#[13e]">&gt;&gt;</a>&nbsp;&nbsp;&nbsp;Local_RTU
<LI><a href="#[12e]">&gt;&gt;</a>&nbsp;&nbsp;&nbsp;Data_Tran
<LI><a href="#[17b]">&gt;&gt;</a>&nbsp;&nbsp;&nbsp;MQTT_PUBLISH
<LI><a href="#[1a]">&gt;&gt;</a>&nbsp;&nbsp;&nbsp;getBat
<LI><a href="#[1b]">&gt;&gt;</a>&nbsp;&nbsp;&nbsp;get12V
<LI><a href="#[11a]">&gt;&gt;</a>&nbsp;&nbsp;&nbsp;ConfigDataDeal
</UL>

<P><STRONG><a name="[a9]"></a>__aeabi_ui2d</STRONG> (Thumb, 26 bytes, Stack size 16 bytes, dfltui.o(.text))
<BR><BR>[Stack]<UL><LI>Max Depth = 56<LI>Call Chain = __aeabi_ui2d &rArr; _double_epilogue &rArr; _double_round
</UL>
<BR>[Calls]<UL><LI><a href="#[a2]">&gt;&gt;</a>&nbsp;&nbsp;&nbsp;_double_epilogue
</UL>
<BR>[Called By]<UL><LI><a href="#[12e]">&gt;&gt;</a>&nbsp;&nbsp;&nbsp;Data_Tran
</UL>

<P><STRONG><a name="[aa]"></a>__aeabi_d2iz</STRONG> (Thumb, 62 bytes, Stack size 16 bytes, dfixi.o(.text))
<BR><BR>[Stack]<UL><LI>Max Depth = 16<LI>Call Chain = __aeabi_d2iz
</UL>
<BR>[Calls]<UL><LI><a href="#[ab]">&gt;&gt;</a>&nbsp;&nbsp;&nbsp;__aeabi_llsr
</UL>
<BR>[Called By]<UL><LI><a href="#[13e]">&gt;&gt;</a>&nbsp;&nbsp;&nbsp;Local_RTU
<LI><a href="#[153]">&gt;&gt;</a>&nbsp;&nbsp;&nbsp;GetTH_SHT3X
<LI><a href="#[12e]">&gt;&gt;</a>&nbsp;&nbsp;&nbsp;Data_Tran
<LI><a href="#[17b]">&gt;&gt;</a>&nbsp;&nbsp;&nbsp;MQTT_PUBLISH
</UL>

<P><STRONG><a name="[ac]"></a>__aeabi_d2uiz</STRONG> (Thumb, 50 bytes, Stack size 8 bytes, dfixui.o(.text))
<BR><BR>[Stack]<UL><LI>Max Depth = 8<LI>Call Chain = __aeabi_d2uiz
</UL>
<BR>[Calls]<UL><LI><a href="#[ab]">&gt;&gt;</a>&nbsp;&nbsp;&nbsp;__aeabi_llsr
</UL>
<BR>[Called By]<UL><LI><a href="#[12e]">&gt;&gt;</a>&nbsp;&nbsp;&nbsp;Data_Tran
</UL>

<P><STRONG><a name="[12f]"></a>__aeabi_f2d</STRONG> (Thumb, 38 bytes, Stack size 0 bytes, f2d.o(.text))
<BR><BR>[Called By]<UL><LI><a href="#[19d]">&gt;&gt;</a>&nbsp;&nbsp;&nbsp;int_to_float
<LI><a href="#[195]">&gt;&gt;</a>&nbsp;&nbsp;&nbsp;get_all_device_info
<LI><a href="#[13e]">&gt;&gt;</a>&nbsp;&nbsp;&nbsp;Local_RTU
<LI><a href="#[153]">&gt;&gt;</a>&nbsp;&nbsp;&nbsp;GetTH_SHT3X
<LI><a href="#[12e]">&gt;&gt;</a>&nbsp;&nbsp;&nbsp;Data_Tran
<LI><a href="#[17b]">&gt;&gt;</a>&nbsp;&nbsp;&nbsp;MQTT_PUBLISH
<LI><a href="#[1a]">&gt;&gt;</a>&nbsp;&nbsp;&nbsp;getBat
<LI><a href="#[19]">&gt;&gt;</a>&nbsp;&nbsp;&nbsp;getAd
<LI><a href="#[1b]">&gt;&gt;</a>&nbsp;&nbsp;&nbsp;get12V
</UL>

<P><STRONG><a name="[ad]"></a>__aeabi_d2f</STRONG> (Thumb, 56 bytes, Stack size 8 bytes, d2f.o(.text))
<BR><BR>[Stack]<UL><LI>Max Depth = 8<LI>Call Chain = __aeabi_d2f
</UL>
<BR>[Calls]<UL><LI><a href="#[ae]">&gt;&gt;</a>&nbsp;&nbsp;&nbsp;_float_round
</UL>
<BR>[Called By]<UL><LI><a href="#[b6]">&gt;&gt;</a>&nbsp;&nbsp;&nbsp;V_Calc
<LI><a href="#[175]">&gt;&gt;</a>&nbsp;&nbsp;&nbsp;set_pvt_para
<LI><a href="#[19d]">&gt;&gt;</a>&nbsp;&nbsp;&nbsp;int_to_float
<LI><a href="#[221]">&gt;&gt;</a>&nbsp;&nbsp;&nbsp;deal_rev_data
<LI><a href="#[112]">&gt;&gt;</a>&nbsp;&nbsp;&nbsp;Mqtt_Rece_Proces
<LI><a href="#[e0]">&gt;&gt;</a>&nbsp;&nbsp;&nbsp;init_config
<LI><a href="#[195]">&gt;&gt;</a>&nbsp;&nbsp;&nbsp;get_all_device_info
<LI><a href="#[13e]">&gt;&gt;</a>&nbsp;&nbsp;&nbsp;Local_RTU
<LI><a href="#[12e]">&gt;&gt;</a>&nbsp;&nbsp;&nbsp;Data_Tran
<LI><a href="#[17b]">&gt;&gt;</a>&nbsp;&nbsp;&nbsp;MQTT_PUBLISH
<LI><a href="#[1a]">&gt;&gt;</a>&nbsp;&nbsp;&nbsp;getBat
<LI><a href="#[1b]">&gt;&gt;</a>&nbsp;&nbsp;&nbsp;get12V
<LI><a href="#[11a]">&gt;&gt;</a>&nbsp;&nbsp;&nbsp;ConfigDataDeal
</UL>

<P><STRONG><a name="[273]"></a>__aeabi_uidiv</STRONG> (Thumb, 0 bytes, Stack size 12 bytes, uidiv.o(.text), UNUSED)

<P><STRONG><a name="[267]"></a>__aeabi_uidivmod</STRONG> (Thumb, 44 bytes, Stack size 12 bytes, uidiv.o(.text), UNUSED)
<BR><BR>[Called By]<UL><LI><a href="#[261]">&gt;&gt;</a>&nbsp;&nbsp;&nbsp;_printf_core
</UL>

<P><STRONG><a name="[af]"></a>__aeabi_uldivmod</STRONG> (Thumb, 98 bytes, Stack size 40 bytes, uldiv.o(.text), UNUSED)
<BR><BR>[Calls]<UL><LI><a href="#[ab]">&gt;&gt;</a>&nbsp;&nbsp;&nbsp;__aeabi_llsr
<LI><a href="#[a0]">&gt;&gt;</a>&nbsp;&nbsp;&nbsp;__aeabi_llsl
</UL>
<BR>[Called By]<UL><LI><a href="#[261]">&gt;&gt;</a>&nbsp;&nbsp;&nbsp;_printf_core
<LI><a href="#[263]">&gt;&gt;</a>&nbsp;&nbsp;&nbsp;_fp_digits
</UL>

<P><STRONG><a name="[a0]"></a>__aeabi_llsl</STRONG> (Thumb, 30 bytes, Stack size 0 bytes, llshl.o(.text))
<BR><BR>[Called By]<UL><LI><a href="#[9f]">&gt;&gt;</a>&nbsp;&nbsp;&nbsp;__aeabi_dadd
<LI><a href="#[af]">&gt;&gt;</a>&nbsp;&nbsp;&nbsp;__aeabi_uldivmod
<LI><a href="#[a2]">&gt;&gt;</a>&nbsp;&nbsp;&nbsp;_double_epilogue
<LI><a href="#[b2]">&gt;&gt;</a>&nbsp;&nbsp;&nbsp;__aeabi_d2ulz
</UL>

<P><STRONG><a name="[274]"></a>_ll_shift_l</STRONG> (Thumb, 0 bytes, Stack size 0 bytes, llshl.o(.text), UNUSED)

<P><STRONG><a name="[ab]"></a>__aeabi_llsr</STRONG> (Thumb, 32 bytes, Stack size 0 bytes, llushr.o(.text))
<BR><BR>[Called By]<UL><LI><a href="#[ac]">&gt;&gt;</a>&nbsp;&nbsp;&nbsp;__aeabi_d2uiz
<LI><a href="#[aa]">&gt;&gt;</a>&nbsp;&nbsp;&nbsp;__aeabi_d2iz
<LI><a href="#[af]">&gt;&gt;</a>&nbsp;&nbsp;&nbsp;__aeabi_uldivmod
<LI><a href="#[a2]">&gt;&gt;</a>&nbsp;&nbsp;&nbsp;_double_epilogue
<LI><a href="#[b2]">&gt;&gt;</a>&nbsp;&nbsp;&nbsp;__aeabi_d2ulz
</UL>

<P><STRONG><a name="[275]"></a>_ll_ushift_r</STRONG> (Thumb, 0 bytes, Stack size 0 bytes, llushr.o(.text), UNUSED)

<P><STRONG><a name="[a1]"></a>__aeabi_lasr</STRONG> (Thumb, 36 bytes, Stack size 0 bytes, llsshr.o(.text))
<BR><BR>[Called By]<UL><LI><a href="#[9f]">&gt;&gt;</a>&nbsp;&nbsp;&nbsp;__aeabi_dadd
</UL>

<P><STRONG><a name="[276]"></a>_ll_sshift_r</STRONG> (Thumb, 0 bytes, Stack size 0 bytes, llsshr.o(.text), UNUSED)

<P><STRONG><a name="[9e]"></a>strtol</STRONG> (Thumb, 112 bytes, Stack size 32 bytes, strtol.o(.text))
<BR><BR>[Stack]<UL><LI>Max Depth = 72<LI>Call Chain = strtol &rArr; _strtoul
</UL>
<BR>[Calls]<UL><LI><a href="#[b1]">&gt;&gt;</a>&nbsp;&nbsp;&nbsp;_strtoul
<LI><a href="#[9d]">&gt;&gt;</a>&nbsp;&nbsp;&nbsp;__aeabi_errno_addr
<LI><a href="#[b0]">&gt;&gt;</a>&nbsp;&nbsp;&nbsp;__rt_ctype_table
</UL>
<BR>[Called By]<UL><LI><a href="#[9c]">&gt;&gt;</a>&nbsp;&nbsp;&nbsp;atoi
</UL>

<P><STRONG><a name="[277]"></a>__I$use$fp</STRONG> (Thumb, 0 bytes, Stack size 0 bytes, iusefp.o(.text), UNUSED)

<P><STRONG><a name="[ae]"></a>_float_round</STRONG> (Thumb, 18 bytes, Stack size 0 bytes, fepilogue.o(.text))
<BR><BR>[Called By]<UL><LI><a href="#[ad]">&gt;&gt;</a>&nbsp;&nbsp;&nbsp;__aeabi_d2f
</UL>

<P><STRONG><a name="[278]"></a>_float_epilogue</STRONG> (Thumb, 92 bytes, Stack size 4 bytes, fepilogue.o(.text), UNUSED)

<P><STRONG><a name="[a3]"></a>_double_round</STRONG> (Thumb, 30 bytes, Stack size 8 bytes, depilogue.o(.text))
<BR><BR>[Stack]<UL><LI>Max Depth = 8<LI>Call Chain = _double_round
</UL>
<BR>[Called By]<UL><LI><a href="#[a7]">&gt;&gt;</a>&nbsp;&nbsp;&nbsp;__aeabi_ddiv
<LI><a href="#[9f]">&gt;&gt;</a>&nbsp;&nbsp;&nbsp;__aeabi_dadd
<LI><a href="#[a2]">&gt;&gt;</a>&nbsp;&nbsp;&nbsp;_double_epilogue
</UL>

<P><STRONG><a name="[a2]"></a>_double_epilogue</STRONG> (Thumb, 156 bytes, Stack size 32 bytes, depilogue.o(.text))
<BR><BR>[Stack]<UL><LI>Max Depth = 40<LI>Call Chain = _double_epilogue &rArr; _double_round
</UL>
<BR>[Calls]<UL><LI><a href="#[ab]">&gt;&gt;</a>&nbsp;&nbsp;&nbsp;__aeabi_llsr
<LI><a href="#[a0]">&gt;&gt;</a>&nbsp;&nbsp;&nbsp;__aeabi_llsl
<LI><a href="#[a3]">&gt;&gt;</a>&nbsp;&nbsp;&nbsp;_double_round
</UL>
<BR>[Called By]<UL><LI><a href="#[a9]">&gt;&gt;</a>&nbsp;&nbsp;&nbsp;__aeabi_ui2d
<LI><a href="#[a8]">&gt;&gt;</a>&nbsp;&nbsp;&nbsp;__aeabi_i2d
<LI><a href="#[a6]">&gt;&gt;</a>&nbsp;&nbsp;&nbsp;__aeabi_dmul
<LI><a href="#[9f]">&gt;&gt;</a>&nbsp;&nbsp;&nbsp;__aeabi_dadd
</UL>

<P><STRONG><a name="[b2]"></a>__aeabi_d2ulz</STRONG> (Thumb, 48 bytes, Stack size 0 bytes, dfixul.o(.text), UNUSED)
<BR><BR>[Calls]<UL><LI><a href="#[ab]">&gt;&gt;</a>&nbsp;&nbsp;&nbsp;__aeabi_llsr
<LI><a href="#[a0]">&gt;&gt;</a>&nbsp;&nbsp;&nbsp;__aeabi_llsl
</UL>
<BR>[Called By]<UL><LI><a href="#[263]">&gt;&gt;</a>&nbsp;&nbsp;&nbsp;_fp_digits
</UL>

<P><STRONG><a name="[264]"></a>__aeabi_cdrcmple</STRONG> (Thumb, 48 bytes, Stack size 0 bytes, cdrcmple.o(.text), UNUSED)
<BR><BR>[Called By]<UL><LI><a href="#[263]">&gt;&gt;</a>&nbsp;&nbsp;&nbsp;_fp_digits
</UL>

<P><STRONG><a name="[98]"></a>__scatterload</STRONG> (Thumb, 28 bytes, Stack size 0 bytes, init.o(.text))
<BR><BR>[Calls]<UL><LI><a href="#[b3]">&gt;&gt;</a>&nbsp;&nbsp;&nbsp;__main_after_scatterload
</UL>
<BR>[Called By]<UL><LI><a href="#[97]">&gt;&gt;</a>&nbsp;&nbsp;&nbsp;_main_scatterload
</UL>

<P><STRONG><a name="[279]"></a>__scatterload_rt2</STRONG> (Thumb, 0 bytes, Stack size 0 bytes, init.o(.text), UNUSED)

<P><STRONG><a name="[b4]"></a>_chval</STRONG> (Thumb, 28 bytes, Stack size 0 bytes, _chval.o(.text))
<BR><BR>[Called By]<UL><LI><a href="#[b1]">&gt;&gt;</a>&nbsp;&nbsp;&nbsp;_strtoul
</UL>

<P><STRONG><a name="[b1]"></a>_strtoul</STRONG> (Thumb, 158 bytes, Stack size 40 bytes, _strtoul.o(.text))
<BR><BR>[Stack]<UL><LI>Max Depth = 40<LI>Call Chain = _strtoul
</UL>
<BR>[Calls]<UL><LI><a href="#[b4]">&gt;&gt;</a>&nbsp;&nbsp;&nbsp;_chval
<LI><a href="#[9d]">&gt;&gt;</a>&nbsp;&nbsp;&nbsp;__aeabi_errno_addr
</UL>
<BR>[Called By]<UL><LI><a href="#[9e]">&gt;&gt;</a>&nbsp;&nbsp;&nbsp;strtol
</UL>

<P><STRONG><a name="[27a]"></a>__decompress</STRONG> (Thumb, 0 bytes, Stack size unknown bytes, __dczerorl2.o(.text), UNUSED)

<P><STRONG><a name="[27b]"></a>__decompress1</STRONG> (Thumb, 86 bytes, Stack size unknown bytes, __dczerorl2.o(.text), UNUSED)

<P><STRONG><a name="[b5]"></a>ADC_Cycle_Detect_Process</STRONG> (Thumb, 28 bytes, Stack size 8 bytes, ad_process.o(.text.ADC_Cycle_Detect_Process))
<BR><BR>[Stack]<UL><LI>Max Depth = 104<LI>Call Chain = ADC_Cycle_Detect_Process &rArr; V_Calc &rArr; __aeabi_dmul &rArr; _double_epilogue &rArr; _double_round
</UL>
<BR>[Calls]<UL><LI><a href="#[b6]">&gt;&gt;</a>&nbsp;&nbsp;&nbsp;V_Calc
</UL>
<BR>[Called By]<UL><LI><a href="#[182]">&gt;&gt;</a>&nbsp;&nbsp;&nbsp;Main_Task
</UL>

<P><STRONG><a name="[b7]"></a>ADC_GPIO_Configuration</STRONG> (Thumb, 30 bytes, Stack size 8 bytes, ad_process.o(.text.ADC_GPIO_Configuration))
<BR><BR>[Stack]<UL><LI>Max Depth = 36<LI>Call Chain = ADC_GPIO_Configuration &rArr; gpio_init
</UL>
<BR>[Calls]<UL><LI><a href="#[b8]">&gt;&gt;</a>&nbsp;&nbsp;&nbsp;rcu_periph_clock_enable
<LI><a href="#[b9]">&gt;&gt;</a>&nbsp;&nbsp;&nbsp;gpio_init
</UL>
<BR>[Called By]<UL><LI><a href="#[ba]">&gt;&gt;</a>&nbsp;&nbsp;&nbsp;ADC_Inititile
</UL>

<P><STRONG><a name="[ba]"></a>ADC_Inititile</STRONG> (Thumb, 146 bytes, Stack size 24 bytes, ad_process.o(.text.ADC_Inititile))
<BR><BR>[Stack]<UL><LI>Max Depth = 60<LI>Call Chain = ADC_Inititile &rArr; adc_deinit &rArr; rcu_periph_reset_enable
</UL>
<BR>[Calls]<UL><LI><a href="#[bb]">&gt;&gt;</a>&nbsp;&nbsp;&nbsp;rcu_adc_clock_config
<LI><a href="#[c4]">&gt;&gt;</a>&nbsp;&nbsp;&nbsp;adc_tempsensor_vrefint_enable
<LI><a href="#[bd]">&gt;&gt;</a>&nbsp;&nbsp;&nbsp;adc_special_function_config
<LI><a href="#[bf]">&gt;&gt;</a>&nbsp;&nbsp;&nbsp;adc_mode_config
<LI><a href="#[c1]">&gt;&gt;</a>&nbsp;&nbsp;&nbsp;adc_inserted_channel_config
<LI><a href="#[c2]">&gt;&gt;</a>&nbsp;&nbsp;&nbsp;adc_external_trigger_source_config
<LI><a href="#[c3]">&gt;&gt;</a>&nbsp;&nbsp;&nbsp;adc_external_trigger_config
<LI><a href="#[c5]">&gt;&gt;</a>&nbsp;&nbsp;&nbsp;adc_enable
<LI><a href="#[bc]">&gt;&gt;</a>&nbsp;&nbsp;&nbsp;adc_deinit
<LI><a href="#[be]">&gt;&gt;</a>&nbsp;&nbsp;&nbsp;adc_data_alignment_config
<LI><a href="#[c0]">&gt;&gt;</a>&nbsp;&nbsp;&nbsp;adc_channel_length_config
<LI><a href="#[c6]">&gt;&gt;</a>&nbsp;&nbsp;&nbsp;adc_calibration_enable
<LI><a href="#[b7]">&gt;&gt;</a>&nbsp;&nbsp;&nbsp;ADC_GPIO_Configuration
<LI><a href="#[b8]">&gt;&gt;</a>&nbsp;&nbsp;&nbsp;rcu_periph_clock_enable
<LI><a href="#[c7]">&gt;&gt;</a>&nbsp;&nbsp;&nbsp;Ad_software_trigger
</UL>
<BR>[Called By]<UL><LI><a href="#[dc]">&gt;&gt;</a>&nbsp;&nbsp;&nbsp;BSP_Init
</UL>

<P><STRONG><a name="[c8]"></a>ADS1247_IO_Init</STRONG> (Thumb, 100 bytes, Stack size 40 bytes, ads1247.o(.text.ADS1247_IO_Init))
<BR><BR>[Stack]<UL><LI>Max Depth = 68<LI>Call Chain = ADS1247_IO_Init &rArr; gpio_init
</UL>
<BR>[Calls]<UL><LI><a href="#[c9]">&gt;&gt;</a>&nbsp;&nbsp;&nbsp;spi_init
<LI><a href="#[ca]">&gt;&gt;</a>&nbsp;&nbsp;&nbsp;spi_enable
<LI><a href="#[b8]">&gt;&gt;</a>&nbsp;&nbsp;&nbsp;rcu_periph_clock_enable
<LI><a href="#[b9]">&gt;&gt;</a>&nbsp;&nbsp;&nbsp;gpio_init
</UL>
<BR>[Called By]<UL><LI><a href="#[dc]">&gt;&gt;</a>&nbsp;&nbsp;&nbsp;BSP_Init
</UL>

<P><STRONG><a name="[cb]"></a>ADS1247_Init</STRONG> (Thumb, 378 bytes, Stack size 64 bytes, ads1247.o(.text.ADS1247_Init))
<BR><BR>[Stack]<UL><LI>Max Depth = 116<LI>Call Chain = ADS1247_Init &rArr; ADS_WREG &rArr; ADS_WriteByte &rArr; spi_i2s_flag_get
</UL>
<BR>[Calls]<UL><LI><a href="#[cd]">&gt;&gt;</a>&nbsp;&nbsp;&nbsp;_delay_us
<LI><a href="#[d1]">&gt;&gt;</a>&nbsp;&nbsp;&nbsp;ADS_WREG
<LI><a href="#[d0]">&gt;&gt;</a>&nbsp;&nbsp;&nbsp;ADS_RREG
<LI><a href="#[cf]">&gt;&gt;</a>&nbsp;&nbsp;&nbsp;ADS_CS
<LI><a href="#[cc]">&gt;&gt;</a>&nbsp;&nbsp;&nbsp;gpio_bit_reset
<LI><a href="#[ce]">&gt;&gt;</a>&nbsp;&nbsp;&nbsp;gpio_bit_set
</UL>
<BR>[Called By]<UL><LI><a href="#[dc]">&gt;&gt;</a>&nbsp;&nbsp;&nbsp;BSP_Init
</UL>

<P><STRONG><a name="[cf]"></a>ADS_CS</STRONG> (Thumb, 54 bytes, Stack size 16 bytes, ads1247.o(.text.ADS_CS))
<BR><BR>[Stack]<UL><LI>Max Depth = 24<LI>Call Chain = ADS_CS &rArr; gpio_bit_reset
</UL>
<BR>[Calls]<UL><LI><a href="#[cc]">&gt;&gt;</a>&nbsp;&nbsp;&nbsp;gpio_bit_reset
<LI><a href="#[ce]">&gt;&gt;</a>&nbsp;&nbsp;&nbsp;gpio_bit_set
</UL>
<BR>[Called By]<UL><LI><a href="#[1af]">&gt;&gt;</a>&nbsp;&nbsp;&nbsp;ReadADSConversionData
<LI><a href="#[d1]">&gt;&gt;</a>&nbsp;&nbsp;&nbsp;ADS_WREG
<LI><a href="#[d0]">&gt;&gt;</a>&nbsp;&nbsp;&nbsp;ADS_RREG
<LI><a href="#[cb]">&gt;&gt;</a>&nbsp;&nbsp;&nbsp;ADS1247_Init
</UL>

<P><STRONG><a name="[d0]"></a>ADS_RREG</STRONG> (Thumb, 86 bytes, Stack size 16 bytes, ads1247.o(.text.ADS_RREG))
<BR><BR>[Stack]<UL><LI>Max Depth = 52<LI>Call Chain = ADS_RREG &rArr; ADS_ReadByte &rArr; ADS_WriteByte &rArr; spi_i2s_flag_get
</UL>
<BR>[Calls]<UL><LI><a href="#[cd]">&gt;&gt;</a>&nbsp;&nbsp;&nbsp;_delay_us
<LI><a href="#[d2]">&gt;&gt;</a>&nbsp;&nbsp;&nbsp;ADS_WriteByte
<LI><a href="#[d3]">&gt;&gt;</a>&nbsp;&nbsp;&nbsp;ADS_ReadByte
<LI><a href="#[cf]">&gt;&gt;</a>&nbsp;&nbsp;&nbsp;ADS_CS
</UL>
<BR>[Called By]<UL><LI><a href="#[cb]">&gt;&gt;</a>&nbsp;&nbsp;&nbsp;ADS1247_Init
</UL>

<P><STRONG><a name="[d3]"></a>ADS_ReadByte</STRONG> (Thumb, 10 bytes, Stack size 8 bytes, ads1247.o(.text.ADS_ReadByte))
<BR><BR>[Stack]<UL><LI>Max Depth = 36<LI>Call Chain = ADS_ReadByte &rArr; ADS_WriteByte &rArr; spi_i2s_flag_get
</UL>
<BR>[Calls]<UL><LI><a href="#[d2]">&gt;&gt;</a>&nbsp;&nbsp;&nbsp;ADS_WriteByte
</UL>
<BR>[Called By]<UL><LI><a href="#[1af]">&gt;&gt;</a>&nbsp;&nbsp;&nbsp;ReadADSConversionData
<LI><a href="#[d0]">&gt;&gt;</a>&nbsp;&nbsp;&nbsp;ADS_RREG
</UL>

<P><STRONG><a name="[d1]"></a>ADS_WREG</STRONG> (Thumb, 72 bytes, Stack size 24 bytes, ads1247.o(.text.ADS_WREG))
<BR><BR>[Stack]<UL><LI>Max Depth = 52<LI>Call Chain = ADS_WREG &rArr; ADS_WriteByte &rArr; spi_i2s_flag_get
</UL>
<BR>[Calls]<UL><LI><a href="#[cd]">&gt;&gt;</a>&nbsp;&nbsp;&nbsp;_delay_us
<LI><a href="#[d2]">&gt;&gt;</a>&nbsp;&nbsp;&nbsp;ADS_WriteByte
<LI><a href="#[cf]">&gt;&gt;</a>&nbsp;&nbsp;&nbsp;ADS_CS
</UL>
<BR>[Called By]<UL><LI><a href="#[cb]">&gt;&gt;</a>&nbsp;&nbsp;&nbsp;ADS1247_Init
</UL>

<P><STRONG><a name="[d2]"></a>ADS_WriteByte</STRONG> (Thumb, 86 bytes, Stack size 16 bytes, ads1247.o(.text.ADS_WriteByte))
<BR><BR>[Stack]<UL><LI>Max Depth = 28<LI>Call Chain = ADS_WriteByte &rArr; spi_i2s_flag_get
</UL>
<BR>[Calls]<UL><LI><a href="#[d4]">&gt;&gt;</a>&nbsp;&nbsp;&nbsp;spi_i2s_flag_get
<LI><a href="#[d5]">&gt;&gt;</a>&nbsp;&nbsp;&nbsp;spi_i2s_data_transmit
<LI><a href="#[d6]">&gt;&gt;</a>&nbsp;&nbsp;&nbsp;spi_i2s_data_receive
</UL>
<BR>[Called By]<UL><LI><a href="#[d1]">&gt;&gt;</a>&nbsp;&nbsp;&nbsp;ADS_WREG
<LI><a href="#[d3]">&gt;&gt;</a>&nbsp;&nbsp;&nbsp;ADS_ReadByte
<LI><a href="#[d0]">&gt;&gt;</a>&nbsp;&nbsp;&nbsp;ADS_RREG
</UL>

<P><STRONG><a name="[1b5]"></a>ADT</STRONG> (Thumb, 488 bytes, Stack size 32 bytes, ads1247.o(.text.ADT))
<BR><BR>[Stack]<UL><LI>Max Depth = 32<LI>Call Chain = ADT
</UL>
<BR>[Called By]<UL><LI><a href="#[139]">&gt;&gt;</a>&nbsp;&nbsp;&nbsp;Read_AI_Data
</UL>

<P><STRONG><a name="[d7]"></a>AI_Channel_Select</STRONG> (Thumb, 350 bytes, Stack size 48 bytes, gd32e503v_eval.o(.text.AI_Channel_Select))
<BR><BR>[Stack]<UL><LI>Max Depth = 56<LI>Call Chain = AI_Channel_Select &rArr; gpio_bit_reset
</UL>
<BR>[Calls]<UL><LI><a href="#[cc]">&gt;&gt;</a>&nbsp;&nbsp;&nbsp;gpio_bit_reset
<LI><a href="#[ce]">&gt;&gt;</a>&nbsp;&nbsp;&nbsp;gpio_bit_set
</UL>
<BR>[Called By]<UL><LI><a href="#[dc]">&gt;&gt;</a>&nbsp;&nbsp;&nbsp;BSP_Init
<LI><a href="#[58]">&gt;&gt;</a>&nbsp;&nbsp;&nbsp;EXTI5_9_IRQHandler
</UL>

<P><STRONG><a name="[c7]"></a>Ad_software_trigger</STRONG> (Thumb, 18 bytes, Stack size 8 bytes, ad_process.o(.text.Ad_software_trigger))
<BR><BR>[Stack]<UL><LI>Max Depth = 16<LI>Call Chain = Ad_software_trigger &rArr; adc_software_trigger_enable
</UL>
<BR>[Calls]<UL><LI><a href="#[d8]">&gt;&gt;</a>&nbsp;&nbsp;&nbsp;adc_software_trigger_enable
</UL>
<BR>[Called By]<UL><LI><a href="#[ba]">&gt;&gt;</a>&nbsp;&nbsp;&nbsp;ADC_Inititile
<LI><a href="#[182]">&gt;&gt;</a>&nbsp;&nbsp;&nbsp;Main_Task
</UL>

<P><STRONG><a name="[173]"></a>Android_Ctrl</STRONG> (Thumb, 10 bytes, Stack size 4 bytes, gd32e503v_eval.o(.text.Android_Ctrl))
<BR><BR>[Stack]<UL><LI>Max Depth = 4<LI>Call Chain = Android_Ctrl
</UL>
<BR>[Called By]<UL><LI><a href="#[13e]">&gt;&gt;</a>&nbsp;&nbsp;&nbsp;Local_RTU
<LI><a href="#[21]">&gt;&gt;</a>&nbsp;&nbsp;&nbsp;setAndroid_Ctrl
</UL>

<P><STRONG><a name="[d9]"></a>Ascii2_To_Hex1</STRONG> (Thumb, 48 bytes, Stack size 16 bytes, comm_process.o(.text.Ascii2_To_Hex1))
<BR><BR>[Stack]<UL><LI>Max Depth = 20<LI>Call Chain = Ascii2_To_Hex1 &rArr; Ascii_Hex
</UL>
<BR>[Calls]<UL><LI><a href="#[da]">&gt;&gt;</a>&nbsp;&nbsp;&nbsp;Ascii_Hex
</UL>
<BR>[Called By]<UL><LI><a href="#[221]">&gt;&gt;</a>&nbsp;&nbsp;&nbsp;deal_rev_data
</UL>

<P><STRONG><a name="[db]"></a>Ascii4_To_Hex2</STRONG> (Thumb, 94 bytes, Stack size 32 bytes, comm_process.o(.text.Ascii4_To_Hex2))
<BR><BR>[Stack]<UL><LI>Max Depth = 36<LI>Call Chain = Ascii4_To_Hex2 &rArr; Ascii_Hex
</UL>
<BR>[Calls]<UL><LI><a href="#[da]">&gt;&gt;</a>&nbsp;&nbsp;&nbsp;Ascii_Hex
</UL>
<BR>[Called By]<UL><LI><a href="#[221]">&gt;&gt;</a>&nbsp;&nbsp;&nbsp;deal_rev_data
</UL>

<P><STRONG><a name="[da]"></a>Ascii_Hex</STRONG> (Thumb, 122 bytes, Stack size 4 bytes, comm_process.o(.text.Ascii_Hex))
<BR><BR>[Stack]<UL><LI>Max Depth = 4<LI>Call Chain = Ascii_Hex
</UL>
<BR>[Called By]<UL><LI><a href="#[db]">&gt;&gt;</a>&nbsp;&nbsp;&nbsp;Ascii4_To_Hex2
<LI><a href="#[d9]">&gt;&gt;</a>&nbsp;&nbsp;&nbsp;Ascii2_To_Hex1
</UL>

<P><STRONG><a name="[19c]"></a>BCD_To_Dec</STRONG> (Thumb, 30 bytes, Stack size 4 bytes, mqtt.o(.text.BCD_To_Dec))
<BR><BR>[Stack]<UL><LI>Max Depth = 4<LI>Call Chain = BCD_To_Dec
</UL>
<BR>[Called By]<UL><LI><a href="#[112]">&gt;&gt;</a>&nbsp;&nbsp;&nbsp;Mqtt_Rece_Proces
</UL>

<P><STRONG><a name="[dc]"></a>BSP_Init</STRONG> (Thumb, 684 bytes, Stack size 40 bytes, main.o(.text.BSP_Init))
<BR><BR>[Stack]<UL><LI>Max Depth = 268<LI>Call Chain = BSP_Init &rArr; FLASH_Data_Init &rArr; SPI_FLASH_Init &rArr; gpio_init
</UL>
<BR>[Calls]<UL><LI><a href="#[de]">&gt;&gt;</a>&nbsp;&nbsp;&nbsp;wdt
<LI><a href="#[e9]">&gt;&gt;</a>&nbsp;&nbsp;&nbsp;w5500_config
<LI><a href="#[e7]">&gt;&gt;</a>&nbsp;&nbsp;&nbsp;systick_config
<LI><a href="#[dd]">&gt;&gt;</a>&nbsp;&nbsp;&nbsp;init_config_net
<LI><a href="#[df]">&gt;&gt;</a>&nbsp;&nbsp;&nbsp;init_config_ads1247
<LI><a href="#[e0]">&gt;&gt;</a>&nbsp;&nbsp;&nbsp;init_config
<LI><a href="#[b9]">&gt;&gt;</a>&nbsp;&nbsp;&nbsp;gpio_init
<LI><a href="#[ce]">&gt;&gt;</a>&nbsp;&nbsp;&nbsp;gpio_bit_set
<LI><a href="#[e2]">&gt;&gt;</a>&nbsp;&nbsp;&nbsp;gd_eval_io_init
<LI><a href="#[eb]">&gt;&gt;</a>&nbsp;&nbsp;&nbsp;W5500_Initialization
<LI><a href="#[ea]">&gt;&gt;</a>&nbsp;&nbsp;&nbsp;W5500_Hardware_Reset
<LI><a href="#[e8]">&gt;&gt;</a>&nbsp;&nbsp;&nbsp;ResetGPRS
<LI><a href="#[e5]">&gt;&gt;</a>&nbsp;&nbsp;&nbsp;Read_SW_Input_State
<LI><a href="#[e1]">&gt;&gt;</a>&nbsp;&nbsp;&nbsp;ReadFlashWifi
<LI><a href="#[e4]">&gt;&gt;</a>&nbsp;&nbsp;&nbsp;Led_Ctrl
<LI><a href="#[e6]">&gt;&gt;</a>&nbsp;&nbsp;&nbsp;FLASH_Data_Init
<LI><a href="#[e3]">&gt;&gt;</a>&nbsp;&nbsp;&nbsp;Beep
<LI><a href="#[d7]">&gt;&gt;</a>&nbsp;&nbsp;&nbsp;AI_Channel_Select
<LI><a href="#[cb]">&gt;&gt;</a>&nbsp;&nbsp;&nbsp;ADS1247_Init
<LI><a href="#[c8]">&gt;&gt;</a>&nbsp;&nbsp;&nbsp;ADS1247_IO_Init
<LI><a href="#[ba]">&gt;&gt;</a>&nbsp;&nbsp;&nbsp;ADC_Inititile
</UL>
<BR>[Called By]<UL><LI><a href="#[8d]">&gt;&gt;</a>&nbsp;&nbsp;&nbsp;main
</UL>

<P><STRONG><a name="[ec]"></a>BackMotor_Ctrl</STRONG> (Thumb, 356 bytes, Stack size 24 bytes, main.o(.text.BackMotor_Ctrl))
<BR><BR>[Stack]<UL><LI>Max Depth = 252<LI>Call Chain = BackMotor_Ctrl &rArr; GenCtrl &rArr; uart_set_data_modbus16 &rArr; Com_Send &rArr; Write_SOCK_Data_Buffer &rArr; Write_W5500_SOCK_4Byte &rArr; w5500_send_halfword &rArr; w5500_send_byte &rArr; spi_i2s_flag_get
</UL>
<BR>[Calls]<UL><LI><a href="#[ee]">&gt;&gt;</a>&nbsp;&nbsp;&nbsp;PVLoadCurrentTime
<LI><a href="#[ef]">&gt;&gt;</a>&nbsp;&nbsp;&nbsp;HighLowVolCurrentTime
<LI><a href="#[ed]">&gt;&gt;</a>&nbsp;&nbsp;&nbsp;GenWorkingCurrentTime
<LI><a href="#[f0]">&gt;&gt;</a>&nbsp;&nbsp;&nbsp;GenCtrl
</UL>
<BR>[Called By]<UL><LI><a href="#[182]">&gt;&gt;</a>&nbsp;&nbsp;&nbsp;Main_Task
</UL>

<P><STRONG><a name="[e3]"></a>Beep</STRONG> (Thumb, 56 bytes, Stack size 16 bytes, gd32e503v_eval.o(.text.Beep))
<BR><BR>[Stack]<UL><LI>Max Depth = 24<LI>Call Chain = Beep &rArr; gpio_bit_reset
</UL>
<BR>[Calls]<UL><LI><a href="#[cc]">&gt;&gt;</a>&nbsp;&nbsp;&nbsp;gpio_bit_reset
<LI><a href="#[ce]">&gt;&gt;</a>&nbsp;&nbsp;&nbsp;gpio_bit_set
</UL>
<BR>[Called By]<UL><LI><a href="#[dc]">&gt;&gt;</a>&nbsp;&nbsp;&nbsp;BSP_Init
</UL>

<P><STRONG><a name="[3b]"></a>BusFault_Handler</STRONG> (Thumb, 4 bytes, Stack size 0 bytes, gd32e50x_it.o(.text.BusFault_Handler))
<BR>[Address Reference Count : 1]<UL><LI> startup_gd32e50x_hd.o(RESET)
</UL>
<P><STRONG><a name="[56]"></a>CAN0_RX1_IRQHandler</STRONG> (Thumb, 2 bytes, Stack size 0 bytes, gd32e50x_it.o(.text.CAN0_RX1_IRQHandler))
<BR>[Address Reference Count : 1]<UL><LI> startup_gd32e50x_hd.o(RESET)
</UL>
<P><STRONG><a name="[f1]"></a>CH432SerilRcv</STRONG> (Thumb, 218 bytes, Stack size 16 bytes, ch432t.o(.text.CH432SerilRcv))
<BR><BR>[Stack]<UL><LI>Max Depth = 64<LI>Call Chain = CH432SerilRcv &rArr; ReadCH432Data &rArr; ch432t_CS &rArr; gpio_bit_reset
</UL>
<BR>[Calls]<UL><LI><a href="#[f2]">&gt;&gt;</a>&nbsp;&nbsp;&nbsp;ReadCH432Data
</UL>
<BR>[Called By]<UL><LI><a href="#[f5]">&gt;&gt;</a>&nbsp;&nbsp;&nbsp;CH432_Int_Process
</UL>

<P><STRONG><a name="[f3]"></a>CH432UARTSend</STRONG> (Thumb, 112 bytes, Stack size 24 bytes, ch432t.o(.text.CH432UARTSend))
<BR><BR>[Stack]<UL><LI>Max Depth = 72<LI>Call Chain = CH432UARTSend &rArr; WriteCH432Block &rArr; ch432t_CS &rArr; gpio_bit_reset
</UL>
<BR>[Calls]<UL><LI><a href="#[f4]">&gt;&gt;</a>&nbsp;&nbsp;&nbsp;WriteCH432Block
<LI><a href="#[f2]">&gt;&gt;</a>&nbsp;&nbsp;&nbsp;ReadCH432Data
</UL>
<BR>[Called By]<UL><LI><a href="#[109]">&gt;&gt;</a>&nbsp;&nbsp;&nbsp;Com_Send
</UL>

<P><STRONG><a name="[f5]"></a>CH432_Int_Process</STRONG> (Thumb, 354 bytes, Stack size 24 bytes, ch432t.o(.text.CH432_Int_Process))
<BR><BR>[Stack]<UL><LI>Max Depth = 88<LI>Call Chain = CH432_Int_Process &rArr; CH432SerilRcv &rArr; ReadCH432Data &rArr; ch432t_CS &rArr; gpio_bit_reset
</UL>
<BR>[Calls]<UL><LI><a href="#[f2]">&gt;&gt;</a>&nbsp;&nbsp;&nbsp;ReadCH432Data
<LI><a href="#[f1]">&gt;&gt;</a>&nbsp;&nbsp;&nbsp;CH432SerilRcv
</UL>
<BR>[Called By]<UL><LI><a href="#[182]">&gt;&gt;</a>&nbsp;&nbsp;&nbsp;Main_Task
<LI><a href="#[58]">&gt;&gt;</a>&nbsp;&nbsp;&nbsp;EXTI5_9_IRQHandler
</UL>

<P><STRONG><a name="[f6]"></a>CfgWifiPara</STRONG> (Thumb, 1266 bytes, Stack size 328 bytes, wifi_ble.o(.text.CfgWifiPara))
<BR><BR>[Stack]<UL><LI>Max Depth = 820<LI>Call Chain = CfgWifiPara &rArr; ExitPassthroughMode &rArr; CmdExe_WB &rArr; WifiBleCmdSend &rArr; Com_Send &rArr; Write_SOCK_Data_Buffer &rArr; Write_W5500_SOCK_4Byte &rArr; w5500_send_halfword &rArr; w5500_send_byte &rArr; spi_i2s_flag_get
</UL>
<BR>[Calls]<UL><LI><a href="#[fa]">&gt;&gt;</a>&nbsp;&nbsp;&nbsp;getSpecData
<LI><a href="#[fe]">&gt;&gt;</a>&nbsp;&nbsp;&nbsp;InsertLog
<LI><a href="#[ff]">&gt;&gt;</a>&nbsp;&nbsp;&nbsp;GetSsid
<LI><a href="#[f9]">&gt;&gt;</a>&nbsp;&nbsp;&nbsp;ExitPassthroughMode
<LI><a href="#[f8]">&gt;&gt;</a>&nbsp;&nbsp;&nbsp;CmdExe_WB
<LI><a href="#[100]">&gt;&gt;</a>&nbsp;&nbsp;&nbsp;strIP2ip
<LI><a href="#[9c]">&gt;&gt;</a>&nbsp;&nbsp;&nbsp;atoi
<LI><a href="#[fb]">&gt;&gt;</a>&nbsp;&nbsp;&nbsp;sprintf
<LI><a href="#[fc]">&gt;&gt;</a>&nbsp;&nbsp;&nbsp;strcpy
<LI><a href="#[fd]">&gt;&gt;</a>&nbsp;&nbsp;&nbsp;strcat
<LI><a href="#[f7]">&gt;&gt;</a>&nbsp;&nbsp;&nbsp;__aeabi_memcpy
</UL>
<BR>[Called By]<UL><LI><a href="#[1e5]">&gt;&gt;</a>&nbsp;&nbsp;&nbsp;Wifi_Rj45_Param
</UL>

<P><STRONG><a name="[101]"></a>CheckMG323Status</STRONG> (Thumb, 844 bytes, Stack size 24 bytes, gprs.o(.text.CheckMG323Status))
<BR><BR>[Stack]<UL><LI>Max Depth = 524<LI>Call Chain = CheckMG323Status &rArr; CmdExe &rArr; InsertLog &rArr; Com_Send &rArr; Write_SOCK_Data_Buffer &rArr; Write_W5500_SOCK_4Byte &rArr; w5500_send_halfword &rArr; w5500_send_byte &rArr; spi_i2s_flag_get
</UL>
<BR>[Calls]<UL><LI><a href="#[fe]">&gt;&gt;</a>&nbsp;&nbsp;&nbsp;InsertLog
<LI><a href="#[e8]">&gt;&gt;</a>&nbsp;&nbsp;&nbsp;ResetGPRS
<LI><a href="#[107]">&gt;&gt;</a>&nbsp;&nbsp;&nbsp;GetREG
<LI><a href="#[104]">&gt;&gt;</a>&nbsp;&nbsp;&nbsp;GetIMSI
<LI><a href="#[105]">&gt;&gt;</a>&nbsp;&nbsp;&nbsp;GetICCID
<LI><a href="#[103]">&gt;&gt;</a>&nbsp;&nbsp;&nbsp;GetCSQ
<LI><a href="#[106]">&gt;&gt;</a>&nbsp;&nbsp;&nbsp;GetCOPS
<LI><a href="#[102]">&gt;&gt;</a>&nbsp;&nbsp;&nbsp;CmdExe
</UL>
<BR>[Called By]<UL><LI><a href="#[12d]">&gt;&gt;</a>&nbsp;&nbsp;&nbsp;GPRS_Soft_OK
</UL>

<P><STRONG><a name="[12a]"></a>CheckSum_Cal</STRONG> (Thumb, 86 bytes, Stack size 12 bytes, comm_process.o(.text.CheckSum_Cal))
<BR><BR>[Stack]<UL><LI>Max Depth = 12<LI>Call Chain = CheckSum_Cal
</UL>
<BR>[Called By]<UL><LI><a href="#[221]">&gt;&gt;</a>&nbsp;&nbsp;&nbsp;deal_rev_data
<LI><a href="#[127]">&gt;&gt;</a>&nbsp;&nbsp;&nbsp;DZ_Uart_Get_Data
</UL>

<P><STRONG><a name="[196]"></a>Clear_Uart_Buffer</STRONG> (Thumb, 142 bytes, Stack size 0 bytes, comm_process.o(.text.Clear_Uart_Buffer))
<BR><BR>[Called By]<UL><LI><a href="#[182]">&gt;&gt;</a>&nbsp;&nbsp;&nbsp;Main_Task
</UL>

<P><STRONG><a name="[102]"></a>CmdExe</STRONG> (Thumb, 1424 bytes, Stack size 352 bytes, gprs.o(.text.CmdExe))
<BR><BR>[Stack]<UL><LI>Max Depth = 500<LI>Call Chain = CmdExe &rArr; InsertLog &rArr; Com_Send &rArr; Write_SOCK_Data_Buffer &rArr; Write_W5500_SOCK_4Byte &rArr; w5500_send_halfword &rArr; w5500_send_byte &rArr; spi_i2s_flag_get
</UL>
<BR>[Calls]<UL><LI><a href="#[fe]">&gt;&gt;</a>&nbsp;&nbsp;&nbsp;InsertLog
<LI><a href="#[10a]">&gt;&gt;</a>&nbsp;&nbsp;&nbsp;delay_1ms
<LI><a href="#[de]">&gt;&gt;</a>&nbsp;&nbsp;&nbsp;wdt
<LI><a href="#[109]">&gt;&gt;</a>&nbsp;&nbsp;&nbsp;Com_Send
<LI><a href="#[fb]">&gt;&gt;</a>&nbsp;&nbsp;&nbsp;sprintf
<LI><a href="#[108]">&gt;&gt;</a>&nbsp;&nbsp;&nbsp;strlen
<LI><a href="#[10b]">&gt;&gt;</a>&nbsp;&nbsp;&nbsp;strstr
<LI><a href="#[99]">&gt;&gt;</a>&nbsp;&nbsp;&nbsp;__aeabi_memclr
</UL>
<BR>[Called By]<UL><LI><a href="#[15a]">&gt;&gt;</a>&nbsp;&nbsp;&nbsp;IsDisconn
<LI><a href="#[149]">&gt;&gt;</a>&nbsp;&nbsp;&nbsp;GPRSThread
<LI><a href="#[12b]">&gt;&gt;</a>&nbsp;&nbsp;&nbsp;Dailer
<LI><a href="#[101]">&gt;&gt;</a>&nbsp;&nbsp;&nbsp;CheckMG323Status
</UL>

<P><STRONG><a name="[f8]"></a>CmdExe_WB</STRONG> (Thumb, 622 bytes, Stack size 320 bytes, wifi_ble.o(.text.CmdExe_WB))
<BR><BR>[Stack]<UL><LI>Max Depth = 468<LI>Call Chain = CmdExe_WB &rArr; WifiBleCmdSend &rArr; Com_Send &rArr; Write_SOCK_Data_Buffer &rArr; Write_W5500_SOCK_4Byte &rArr; w5500_send_halfword &rArr; w5500_send_byte &rArr; spi_i2s_flag_get
</UL>
<BR>[Calls]<UL><LI><a href="#[10c]">&gt;&gt;</a>&nbsp;&nbsp;&nbsp;WifiBleCmdSend
<LI><a href="#[fe]">&gt;&gt;</a>&nbsp;&nbsp;&nbsp;InsertLog
<LI><a href="#[10a]">&gt;&gt;</a>&nbsp;&nbsp;&nbsp;delay_1ms
<LI><a href="#[de]">&gt;&gt;</a>&nbsp;&nbsp;&nbsp;wdt
<LI><a href="#[fb]">&gt;&gt;</a>&nbsp;&nbsp;&nbsp;sprintf
<LI><a href="#[10b]">&gt;&gt;</a>&nbsp;&nbsp;&nbsp;strstr
<LI><a href="#[99]">&gt;&gt;</a>&nbsp;&nbsp;&nbsp;__aeabi_memclr
</UL>
<BR>[Called By]<UL><LI><a href="#[1b4]">&gt;&gt;</a>&nbsp;&nbsp;&nbsp;WifiMode
<LI><a href="#[1b3]">&gt;&gt;</a>&nbsp;&nbsp;&nbsp;ReadWifiPara
<LI><a href="#[f9]">&gt;&gt;</a>&nbsp;&nbsp;&nbsp;ExitPassthroughMode
<LI><a href="#[f6]">&gt;&gt;</a>&nbsp;&nbsp;&nbsp;CfgWifiPara
</UL>

<P><STRONG><a name="[10d]"></a>Com1_Boot</STRONG> (Thumb, 436 bytes, Stack size 16 bytes, comm_process.o(.text.Com1_Boot))
<BR><BR>[Stack]<UL><LI>Max Depth = 16<LI>Call Chain = Com1_Boot
</UL>
<BR>[Calls]<UL><LI><a href="#[10e]">&gt;&gt;</a>&nbsp;&nbsp;&nbsp;nvic_system_reset
</UL>
<BR>[Called By]<UL><LI><a href="#[182]">&gt;&gt;</a>&nbsp;&nbsp;&nbsp;Main_Task
</UL>

<P><STRONG><a name="[10f]"></a>Com2Com</STRONG> (Thumb, 1326 bytes, Stack size 16 bytes, comm_process.o(.text.Com2Com))
<BR><BR>[Stack]<UL><LI>Max Depth = 2484<LI>Call Chain = Com2Com &rArr; Mqtt_Rece_Proces &rArr; set_pvt_para &rArr; WriteConfigParaFromIICAll &rArr; WriteFlash_CPU &rArr; fmc_word_program &rArr; fmc_ready_wait &rArr; fmc_state_get
</UL>
<BR>[Calls]<UL><LI><a href="#[110]">&gt;&gt;</a>&nbsp;&nbsp;&nbsp;Com_Rev_Timeout
<LI><a href="#[111]">&gt;&gt;</a>&nbsp;&nbsp;&nbsp;Write_SOCK_Data_Buffer
<LI><a href="#[112]">&gt;&gt;</a>&nbsp;&nbsp;&nbsp;Mqtt_Rece_Proces
<LI><a href="#[de]">&gt;&gt;</a>&nbsp;&nbsp;&nbsp;wdt
<LI><a href="#[109]">&gt;&gt;</a>&nbsp;&nbsp;&nbsp;Com_Send
</UL>
<BR>[Called By]<UL><LI><a href="#[182]">&gt;&gt;</a>&nbsp;&nbsp;&nbsp;Main_Task
</UL>

<P><STRONG><a name="[110]"></a>Com_Rev_Timeout</STRONG> (Thumb, 102 bytes, Stack size 16 bytes, comm_process.o(.text.Com_Rev_Timeout))
<BR><BR>[Stack]<UL><LI>Max Depth = 16<LI>Call Chain = Com_Rev_Timeout
</UL>
<BR>[Called By]<UL><LI><a href="#[10f]">&gt;&gt;</a>&nbsp;&nbsp;&nbsp;Com2Com
</UL>

<P><STRONG><a name="[109]"></a>Com_Send</STRONG> (Thumb, 720 bytes, Stack size 32 bytes, gd32e503v_eval.o(.text.Com_Send))
<BR><BR>[Stack]<UL><LI>Max Depth = 132<LI>Call Chain = Com_Send &rArr; Write_SOCK_Data_Buffer &rArr; Write_W5500_SOCK_4Byte &rArr; w5500_send_halfword &rArr; w5500_send_byte &rArr; spi_i2s_flag_get
</UL>
<BR>[Calls]<UL><LI><a href="#[10a]">&gt;&gt;</a>&nbsp;&nbsp;&nbsp;delay_1ms
<LI><a href="#[111]">&gt;&gt;</a>&nbsp;&nbsp;&nbsp;Write_SOCK_Data_Buffer
<LI><a href="#[114]">&gt;&gt;</a>&nbsp;&nbsp;&nbsp;usart_data_transmit
<LI><a href="#[de]">&gt;&gt;</a>&nbsp;&nbsp;&nbsp;wdt
<LI><a href="#[117]">&gt;&gt;</a>&nbsp;&nbsp;&nbsp;cdc_acm_data_send
<LI><a href="#[116]">&gt;&gt;</a>&nbsp;&nbsp;&nbsp;cdc_acm_data_receive
<LI><a href="#[115]">&gt;&gt;</a>&nbsp;&nbsp;&nbsp;cdc_acm_check_ready
<LI><a href="#[f3]">&gt;&gt;</a>&nbsp;&nbsp;&nbsp;CH432UARTSend
<LI><a href="#[119]">&gt;&gt;</a>&nbsp;&nbsp;&nbsp;delay_us
<LI><a href="#[118]">&gt;&gt;</a>&nbsp;&nbsp;&nbsp;usart_flag_get
<LI><a href="#[113]">&gt;&gt;</a>&nbsp;&nbsp;&nbsp;usart5_flag_get
<LI><a href="#[f7]">&gt;&gt;</a>&nbsp;&nbsp;&nbsp;__aeabi_memcpy
</UL>
[...]
</UL>
<BR>[Address Reference Count : 1]<UL><LI> usbd_lld_core.o(.data.usbd_drv_handler)
</UL>
<P><STRONG><a name="[32]"></a>usbd_ep_data_write</STRONG> (Thumb, 170 bytes, Stack size 16 bytes, usbd_lld_core.o(.text.usbd_ep_data_write))
<BR><BR>[Stack]<UL><LI>Max Depth = 16<LI>Call Chain = usbd_ep_data_write
</UL>
<BR>[Address Reference Count : 1]<UL><LI> usbd_lld_core.o(.data.usbd_drv_handler)
</UL>
<P><STRONG><a name="[30]"></a>usbd_ep_disable</STRONG> (Thumb, 244 bytes, Stack size 8 bytes, usbd_lld_core.o(.text.usbd_ep_disable))
<BR><BR>[Stack]<UL><LI>Max Depth = 8<LI>Call Chain = usbd_ep_disable
</UL>
<BR>[Address Reference Count : 1]<UL><LI> usbd_lld_core.o(.data.usbd_drv_handler)
</UL>
<P><STRONG><a name="[2e]"></a>usbd_ep_reset</STRONG> (Thumb, 228 bytes, Stack size 12 bytes, usbd_lld_core.o(.text.usbd_ep_reset))
<BR><BR>[Stack]<UL><LI>Max Depth = 12<LI>Call Chain = usbd_ep_reset
</UL>
<BR>[Address Reference Count : 1]<UL><LI> usbd_lld_core.o(.data.usbd_drv_handler)
</UL>
<P><STRONG><a name="[31]"></a>usbd_ep_rx_enable</STRONG> (Thumb, 58 bytes, Stack size 8 bytes, usbd_lld_core.o(.text.usbd_ep_rx_enable))
<BR><BR>[Stack]<UL><LI>Max Depth = 8<LI>Call Chain = usbd_ep_rx_enable
</UL>
<BR>[Address Reference Count : 1]<UL><LI> usbd_lld_core.o(.data.usbd_drv_handler)
</UL>
<P><STRONG><a name="[2f]"></a>usbd_ep_setup</STRONG> (Thumb, 840 bytes, Stack size 24 bytes, usbd_lld_core.o(.text.usbd_ep_setup))
<BR><BR>[Stack]<UL><LI>Max Depth = 24<LI>Call Chain = usbd_ep_setup
</UL>
<BR>[Address Reference Count : 1]<UL><LI> usbd_lld_core.o(.data.usbd_drv_handler)
</UL>
<P><STRONG><a name="[35]"></a>usbd_ep_stall_clear</STRONG> (Thumb, 290 bytes, Stack size 8 bytes, usbd_lld_core.o(.text.usbd_ep_stall_clear))
<BR><BR>[Stack]<UL><LI>Max Depth = 8<LI>Call Chain = usbd_ep_stall_clear
</UL>
<BR>[Address Reference Count : 1]<UL><LI> usbd_lld_core.o(.data.usbd_drv_handler)
</UL>
<P><STRONG><a name="[34]"></a>usbd_ep_stall_set</STRONG> (Thumb, 220 bytes, Stack size 8 bytes, usbd_lld_core.o(.text.usbd_ep_stall_set))
<BR><BR>[Stack]<UL><LI>Max Depth = 8<LI>Call Chain = usbd_ep_stall_set
</UL>
<BR>[Address Reference Count : 1]<UL><LI> usbd_lld_core.o(.data.usbd_drv_handler)
</UL>
<P><STRONG><a name="[36]"></a>usbd_ep_status</STRONG> (Thumb, 72 bytes, Stack size 16 bytes, usbd_lld_core.o(.text.usbd_ep_status))
<BR><BR>[Stack]<UL><LI>Max Depth = 16<LI>Call Chain = usbd_ep_status
</UL>
<BR>[Address Reference Count : 1]<UL><LI> usbd_lld_core.o(.data.usbd_drv_handler)
</UL>
<P><STRONG><a name="[2c]"></a>usbd_leave_suspend</STRONG> (Thumb, 26 bytes, Stack size 0 bytes, usbd_lld_core.o(.text.usbd_leave_suspend))
<BR>[Address Reference Count : 1]<UL><LI> usbd_lld_core.o(.data.usbd_drv_handler)
</UL>
<P><STRONG><a name="[2d]"></a>usbd_resume</STRONG> (Thumb, 44 bytes, Stack size 4 bytes, usbd_lld_core.o(.text.usbd_resume))
<BR><BR>[Stack]<UL><LI>Max Depth = 4<LI>Call Chain = usbd_resume
</UL>
<BR>[Address Reference Count : 1]<UL><LI> usbd_lld_core.o(.data.usbd_drv_handler)
</UL>
<P><STRONG><a name="[2b]"></a>usbd_suspend</STRONG> (Thumb, 18 bytes, Stack size 0 bytes, usbd_lld_core.o(.text.usbd_suspend))
<BR>[Address Reference Count : 1]<UL><LI> usbd_lld_core.o(.data.usbd_drv_handler)
</UL>
<P><STRONG><a name="[259]"></a>resume_mcu</STRONG> (Thumb, 20 bytes, Stack size 16 bytes, usbd_lld_int.o(.text.resume_mcu))
<BR><BR>[Stack]<UL><LI>Max Depth = 16<LI>Call Chain = resume_mcu
</UL>
<BR>[Called By]<UL><LI><a href="#[1e0]">&gt;&gt;</a>&nbsp;&nbsp;&nbsp;usbd_isr
</UL>

<P><STRONG><a name="[257]"></a>usbd_int_suspend</STRONG> (Thumb, 48 bytes, Stack size 16 bytes, usbd_lld_int.o(.text.usbd_int_suspend))
<BR><BR>[Stack]<UL><LI>Max Depth = 32<LI>Call Chain = usbd_int_suspend &rArr; usbd_to_suspend
</UL>
<BR>[Calls]<UL><LI><a href="#[258]">&gt;&gt;</a>&nbsp;&nbsp;&nbsp;usbd_to_suspend
</UL>
<BR>[Called By]<UL><LI><a href="#[1e0]">&gt;&gt;</a>&nbsp;&nbsp;&nbsp;usbd_isr
</UL>

<P><STRONG><a name="[258]"></a>usbd_to_suspend</STRONG> (Thumb, 20 bytes, Stack size 16 bytes, usbd_lld_int.o(.text.usbd_to_suspend))
<BR><BR>[Stack]<UL><LI>Max Depth = 16<LI>Call Chain = usbd_to_suspend
</UL>
<BR>[Called By]<UL><LI><a href="#[257]">&gt;&gt;</a>&nbsp;&nbsp;&nbsp;usbd_int_suspend
</UL>

<P><STRONG><a name="[256]"></a>usb_transc_config</STRONG> (Thumb, 40 bytes, Stack size 12 bytes, usbd_core.o(.text.usb_transc_config))
<BR><BR>[Stack]<UL><LI>Max Depth = 12<LI>Call Chain = usb_transc_config
</UL>
<BR>[Called By]<UL><LI><a href="#[211]">&gt;&gt;</a>&nbsp;&nbsp;&nbsp;usbd_ep_recev
<LI><a href="#[210]">&gt;&gt;</a>&nbsp;&nbsp;&nbsp;usbd_ep_send
</UL>

<P><STRONG><a name="[1fd]"></a>_usb_bos_desc_get</STRONG> (Thumb, 70 bytes, Stack size 16 bytes, usbd_enum.o(.text._usb_bos_desc_get))
<BR><BR>[Stack]<UL><LI>Max Depth = 16<LI>Call Chain = _usb_bos_desc_get
</UL>
<BR>[Called By]<UL><LI><a href="#[5]">&gt;&gt;</a>&nbsp;&nbsp;&nbsp;_usb_std_getdescriptor
</UL>

<P><STRONG><a name="[25]"></a>_usb_config_desc_get</STRONG> (Thumb, 42 bytes, Stack size 12 bytes, usbd_enum.o(.text._usb_config_desc_get))
<BR><BR>[Stack]<UL><LI>Max Depth = 12<LI>Call Chain = _usb_config_desc_get
</UL>
<BR>[Address Reference Count : 1]<UL><LI> usbd_enum.o(.data.std_desc_get)
</UL>
<P><STRONG><a name="[24]"></a>_usb_dev_desc_get</STRONG> (Thumb, 36 bytes, Stack size 12 bytes, usbd_enum.o(.text._usb_dev_desc_get))
<BR><BR>[Stack]<UL><LI>Max Depth = 12<LI>Call Chain = _usb_dev_desc_get
</UL>
<BR>[Address Reference Count : 1]<UL><LI> usbd_enum.o(.data.std_desc_get)
</UL>
<P><STRONG><a name="[1]"></a>_usb_std_clearfeature</STRONG> (Thumb, 184 bytes, Stack size 32 bytes, usbd_enum.o(.text._usb_std_clearfeature))
<BR><BR>[Stack]<UL><LI>Max Depth = 48<LI>Call Chain = _usb_std_clearfeature &rArr; usbd_ep_clear_stall
</UL>
<BR>[Calls]<UL><LI><a href="#[1fb]">&gt;&gt;</a>&nbsp;&nbsp;&nbsp;usbd_ep_clear_stall
</UL>
<BR>[Address Reference Count : 1]<UL><LI> usbd_enum.o(.data._std_dev_req)
</UL>
<P><STRONG><a name="[7]"></a>_usb_std_getconfiguration</STRONG> (Thumb, 106 bytes, Stack size 24 bytes, usbd_enum.o(.text._usb_std_getconfiguration))
<BR><BR>[Stack]<UL><LI>Max Depth = 36<LI>Call Chain = _usb_std_getconfiguration &rArr; usb_transc_config
</UL>
<BR>[Calls]<UL><LI><a href="#[1fc]">&gt;&gt;</a>&nbsp;&nbsp;&nbsp;usb_transc_config
</UL>
<BR>[Address Reference Count : 1]<UL><LI> usbd_enum.o(.data._std_dev_req)
</UL>
<P><STRONG><a name="[5]"></a>_usb_std_getdescriptor</STRONG> (Thumb, 420 bytes, Stack size 40 bytes, usbd_enum.o(.text._usb_std_getdescriptor))
<BR><BR>[Stack]<UL><LI>Max Depth = 56<LI>Call Chain = _usb_std_getdescriptor &rArr; _usb_bos_desc_get
</UL>
<BR>[Calls]<UL><LI><a href="#[1fd]">&gt;&gt;</a>&nbsp;&nbsp;&nbsp;_usb_bos_desc_get
</UL>
<BR>[Address Reference Count : 1]<UL><LI> usbd_enum.o(.data._std_dev_req)
</UL>
<P><STRONG><a name="[9]"></a>_usb_std_getinterface</STRONG> (Thumb, 98 bytes, Stack size 24 bytes, usbd_enum.o(.text._usb_std_getinterface))
<BR><BR>[Stack]<UL><LI>Max Depth = 36<LI>Call Chain = _usb_std_getinterface &rArr; usb_transc_config
</UL>
<BR>[Calls]<UL><LI><a href="#[1fc]">&gt;&gt;</a>&nbsp;&nbsp;&nbsp;usb_transc_config
</UL>
<BR>[Address Reference Count : 1]<UL><LI> usbd_enum.o(.data._std_dev_req)
</UL>
<P><STRONG><a name="[0]"></a>_usb_std_getstatus</STRONG> (Thumb, 316 bytes, Stack size 24 bytes, usbd_enum.o(.text._usb_std_getstatus))
<BR><BR>[Stack]<UL><LI>Max Depth = 36<LI>Call Chain = _usb_std_getstatus &rArr; usb_transc_config
</UL>
<BR>[Calls]<UL><LI><a href="#[1fc]">&gt;&gt;</a>&nbsp;&nbsp;&nbsp;usb_transc_config
</UL>
<BR>[Address Reference Count : 1]<UL><LI> usbd_enum.o(.data._std_dev_req)
</UL>
<P><STRONG><a name="[2]"></a>_usb_std_reserved</STRONG> (Thumb, 12 bytes, Stack size 8 bytes, usbd_enum.o(.text._usb_std_reserved))
<BR><BR>[Stack]<UL><LI>Max Depth = 8<LI>Call Chain = _usb_std_reserved
</UL>
<BR>[Address Reference Count : 1]<UL><LI> usbd_enum.o(.data._std_dev_req)
</UL>
<P><STRONG><a name="[4]"></a>_usb_std_setaddress</STRONG> (Thumb, 94 bytes, Stack size 12 bytes, usbd_enum.o(.text._usb_std_setaddress))
<BR><BR>[Stack]<UL><LI>Max Depth = 12<LI>Call Chain = _usb_std_setaddress
</UL>
<BR>[Address Reference Count : 1]<UL><LI> usbd_enum.o(.data._std_dev_req)
</UL>
<P><STRONG><a name="[8]"></a>_usb_std_setconfiguration</STRONG> (Thumb, 264 bytes, Stack size 32 bytes, usbd_enum.o(.text._usb_std_setconfiguration))
<BR><BR>[Stack]<UL><LI>Max Depth = 32<LI>Call Chain = _usb_std_setconfiguration
</UL>
<BR>[Address Reference Count : 1]<UL><LI> usbd_enum.o(.data._std_dev_req)
</UL>
<P><STRONG><a name="[6]"></a>_usb_std_setdescriptor</STRONG> (Thumb, 12 bytes, Stack size 8 bytes, usbd_enum.o(.text._usb_std_setdescriptor))
<BR><BR>[Stack]<UL><LI>Max Depth = 8<LI>Call Chain = _usb_std_setdescriptor
</UL>
<BR>[Address Reference Count : 1]<UL><LI> usbd_enum.o(.data._std_dev_req)
</UL>
<P><STRONG><a name="[3]"></a>_usb_std_setfeature</STRONG> (Thumb, 174 bytes, Stack size 32 bytes, usbd_enum.o(.text._usb_std_setfeature))
<BR><BR>[Stack]<UL><LI>Max Depth = 48<LI>Call Chain = _usb_std_setfeature &rArr; usbd_ep_stall
</UL>
<BR>[Calls]<UL><LI><a href="#[1fe]">&gt;&gt;</a>&nbsp;&nbsp;&nbsp;usbd_ep_stall
</UL>
<BR>[Address Reference Count : 1]<UL><LI> usbd_enum.o(.data._std_dev_req)
</UL>
<P><STRONG><a name="[a]"></a>_usb_std_setinterface</STRONG> (Thumb, 88 bytes, Stack size 16 bytes, usbd_enum.o(.text._usb_std_setinterface))
<BR><BR>[Stack]<UL><LI>Max Depth = 16<LI>Call Chain = _usb_std_setinterface
</UL>
<BR>[Address Reference Count : 1]<UL><LI> usbd_enum.o(.data._std_dev_req)
</UL>
<P><STRONG><a name="[b]"></a>_usb_std_synchframe</STRONG> (Thumb, 12 bytes, Stack size 8 bytes, usbd_enum.o(.text._usb_std_synchframe))
<BR><BR>[Stack]<UL><LI>Max Depth = 8<LI>Call Chain = _usb_std_synchframe
</UL>
<BR>[Address Reference Count : 1]<UL><LI> usbd_enum.o(.data._std_dev_req)
</UL>
<P><STRONG><a name="[26]"></a>_usb_str_desc_get</STRONG> (Thumb, 42 bytes, Stack size 16 bytes, usbd_enum.o(.text._usb_str_desc_get))
<BR><BR>[Stack]<UL><LI>Max Depth = 16<LI>Call Chain = _usb_str_desc_get
</UL>
<BR>[Address Reference Count : 1]<UL><LI> usbd_enum.o(.data.std_desc_get)
</UL>
<P><STRONG><a name="[251]"></a>int_to_unicode</STRONG> (Thumb, 118 bytes, Stack size 12 bytes, usbd_enum.o(.text.int_to_unicode))
<BR><BR>[Stack]<UL><LI>Max Depth = 12<LI>Call Chain = int_to_unicode
</UL>
<BR>[Called By]<UL><LI><a href="#[250]">&gt;&gt;</a>&nbsp;&nbsp;&nbsp;serial_string_get
</UL>

<P><STRONG><a name="[1fc]"></a>usb_transc_config</STRONG> (Thumb, 40 bytes, Stack size 12 bytes, usbd_enum.o(.text.usb_transc_config))
<BR><BR>[Stack]<UL><LI>Max Depth = 12<LI>Call Chain = usb_transc_config
</UL>
<BR>[Called By]<UL><LI><a href="#[0]">&gt;&gt;</a>&nbsp;&nbsp;&nbsp;_usb_std_getstatus
<LI><a href="#[9]">&gt;&gt;</a>&nbsp;&nbsp;&nbsp;_usb_std_getinterface
<LI><a href="#[7]">&gt;&gt;</a>&nbsp;&nbsp;&nbsp;_usb_std_getconfiguration
</UL>

<P><STRONG><a name="[1fb]"></a>usbd_ep_clear_stall</STRONG> (Thumb, 28 bytes, Stack size 16 bytes, usbd_enum.o(.text.usbd_ep_clear_stall))
<BR><BR>[Stack]<UL><LI>Max Depth = 16<LI>Call Chain = usbd_ep_clear_stall
</UL>
<BR>[Called By]<UL><LI><a href="#[1]">&gt;&gt;</a>&nbsp;&nbsp;&nbsp;_usb_std_clearfeature
</UL>

<P><STRONG><a name="[1fe]"></a>usbd_ep_stall</STRONG> (Thumb, 28 bytes, Stack size 16 bytes, usbd_enum.o(.text.usbd_ep_stall))
<BR><BR>[Stack]<UL><LI>Max Depth = 16<LI>Call Chain = usbd_ep_stall
</UL>
<BR>[Called By]<UL><LI><a href="#[3]">&gt;&gt;</a>&nbsp;&nbsp;&nbsp;_usb_std_setfeature
</UL>

<P><STRONG><a name="[1f2]"></a>usb_0len_packet_send</STRONG> (Thumb, 26 bytes, Stack size 16 bytes, usbd_transc.o(.text.usb_0len_packet_send))
<BR><BR>[Stack]<UL><LI>Max Depth = 16<LI>Call Chain = usb_0len_packet_send
</UL>
<BR>[Called By]<UL><LI><a href="#[93]">&gt;&gt;</a>&nbsp;&nbsp;&nbsp;_usb_in0_transc
</UL>

<P><STRONG><a name="[1fa]"></a>usb_ctl_data_in</STRONG> (Thumb, 24 bytes, Stack size 16 bytes, usbd_transc.o(.text.usb_ctl_data_in))
<BR><BR>[Stack]<UL><LI>Max Depth = 68<LI>Call Chain = usb_ctl_data_in &rArr; usbd_ep_send &rArr; usb_transc_config
</UL>
<BR>[Calls]<UL><LI><a href="#[210]">&gt;&gt;</a>&nbsp;&nbsp;&nbsp;usbd_ep_send
</UL>
<BR>[Called By]<UL><LI><a href="#[91]">&gt;&gt;</a>&nbsp;&nbsp;&nbsp;_usb_setup_transc
</UL>

<P><STRONG><a name="[1f3]"></a>usb_ctl_out</STRONG> (Thumb, 22 bytes, Stack size 16 bytes, usbd_transc.o(.text.usb_ctl_out))
<BR><BR>[Stack]<UL><LI>Max Depth = 16<LI>Call Chain = usb_ctl_out
</UL>
<BR>[Called By]<UL><LI><a href="#[91]">&gt;&gt;</a>&nbsp;&nbsp;&nbsp;_usb_setup_transc
<LI><a href="#[93]">&gt;&gt;</a>&nbsp;&nbsp;&nbsp;_usb_in0_transc
</UL>

<P><STRONG><a name="[1f5]"></a>usb_ctl_status_in</STRONG> (Thumb, 26 bytes, Stack size 16 bytes, usbd_transc.o(.text.usb_ctl_status_in))
<BR><BR>[Stack]<UL><LI>Max Depth = 16<LI>Call Chain = usb_ctl_status_in
</UL>
<BR>[Called By]<UL><LI><a href="#[91]">&gt;&gt;</a>&nbsp;&nbsp;&nbsp;_usb_setup_transc
<LI><a href="#[92]">&gt;&gt;</a>&nbsp;&nbsp;&nbsp;_usb_out0_transc
</UL>

<P><STRONG><a name="[1f6]"></a>usb_stall_transc</STRONG> (Thumb, 18 bytes, Stack size 16 bytes, usbd_transc.o(.text.usb_stall_transc))
<BR><BR>[Stack]<UL><LI>Max Depth = 32<LI>Call Chain = usb_stall_transc &rArr; usbd_ep_stall
</UL>
<BR>[Calls]<UL><LI><a href="#[255]">&gt;&gt;</a>&nbsp;&nbsp;&nbsp;usbd_ep_stall
</UL>
<BR>[Called By]<UL><LI><a href="#[91]">&gt;&gt;</a>&nbsp;&nbsp;&nbsp;_usb_setup_transc
</UL>

<P><STRONG><a name="[1f4]"></a>usb_transc_config</STRONG> (Thumb, 40 bytes, Stack size 12 bytes, usbd_transc.o(.text.usb_transc_config))
<BR><BR>[Stack]<UL><LI>Max Depth = 12<LI>Call Chain = usb_transc_config
</UL>
<BR>[Called By]<UL><LI><a href="#[92]">&gt;&gt;</a>&nbsp;&nbsp;&nbsp;_usb_out0_transc
</UL>

<P><STRONG><a name="[255]"></a>usbd_ep_stall</STRONG> (Thumb, 28 bytes, Stack size 16 bytes, usbd_transc.o(.text.usbd_ep_stall))
<BR><BR>[Stack]<UL><LI>Max Depth = 16<LI>Call Chain = usbd_ep_stall
</UL>
<BR>[Called By]<UL><LI><a href="#[1f6]">&gt;&gt;</a>&nbsp;&nbsp;&nbsp;usb_stall_transc
</UL>

<P><STRONG><a name="[f]"></a>cdc_acm_ctlx_out</STRONG> (Thumb, 54 bytes, Stack size 8 bytes, cdc_acm_core.o(.text.cdc_acm_ctlx_out))
<BR><BR>[Stack]<UL><LI>Max Depth = 8<LI>Call Chain = cdc_acm_ctlx_out
</UL>
<BR>[Address Reference Count : 1]<UL><LI> cdc_acm_core.o(.data.cdc_class)
</UL>
<P><STRONG><a name="[10]"></a>cdc_acm_data_in</STRONG> (Thumb, 84 bytes, Stack size 24 bytes, cdc_acm_core.o(.text.cdc_acm_data_in))
<BR><BR>[Stack]<UL><LI>Max Depth = 76<LI>Call Chain = cdc_acm_data_in &rArr; usbd_ep_send &rArr; usb_transc_config
</UL>
<BR>[Calls]<UL><LI><a href="#[210]">&gt;&gt;</a>&nbsp;&nbsp;&nbsp;usbd_ep_send
</UL>
<BR>[Address Reference Count : 1]<UL><LI> cdc_acm_core.o(.data.cdc_class)
</UL>
<P><STRONG><a name="[11]"></a>cdc_acm_data_out</STRONG> (Thumb, 46 bytes, Stack size 12 bytes, cdc_acm_core.o(.text.cdc_acm_data_out))
<BR><BR>[Stack]<UL><LI>Max Depth = 12<LI>Call Chain = cdc_acm_data_out
</UL>
<BR>[Address Reference Count : 1]<UL><LI> cdc_acm_core.o(.data.cdc_class)
</UL>
<P><STRONG><a name="[d]"></a>cdc_acm_deinit</STRONG> (Thumb, 40 bytes, Stack size 16 bytes, cdc_acm_core.o(.text.cdc_acm_deinit))
<BR><BR>[Stack]<UL><LI>Max Depth = 32<LI>Call Chain = cdc_acm_deinit &rArr; usbd_ep_deinit
</UL>
<BR>[Calls]<UL><LI><a href="#[212]">&gt;&gt;</a>&nbsp;&nbsp;&nbsp;usbd_ep_deinit
</UL>
<BR>[Address Reference Count : 1]<UL><LI> cdc_acm_core.o(.data.cdc_class)
</UL>
<P><STRONG><a name="[c]"></a>cdc_acm_init</STRONG> (Thumb, 158 bytes, Stack size 32 bytes, cdc_acm_core.o(.text.cdc_acm_init))
<BR><BR>[Stack]<UL><LI>Max Depth = 56<LI>Call Chain = cdc_acm_init &rArr; usbd_ep_init
</UL>
<BR>[Calls]<UL><LI><a href="#[213]">&gt;&gt;</a>&nbsp;&nbsp;&nbsp;usbd_ep_init
</UL>
<BR>[Address Reference Count : 1]<UL><LI> cdc_acm_core.o(.data.cdc_class)
</UL>
<P><STRONG><a name="[e]"></a>cdc_acm_req_handler</STRONG> (Thumb, 230 bytes, Stack size 48 bytes, cdc_acm_core.o(.text.cdc_acm_req_handler))
<BR><BR>[Stack]<UL><LI>Max Depth = 60<LI>Call Chain = cdc_acm_req_handler &rArr; usb_transc_config
</UL>
<BR>[Calls]<UL><LI><a href="#[214]">&gt;&gt;</a>&nbsp;&nbsp;&nbsp;usb_transc_config
</UL>
<BR>[Address Reference Count : 1]<UL><LI> cdc_acm_core.o(.data.cdc_class)
</UL>
<P><STRONG><a name="[214]"></a>usb_transc_config</STRONG> (Thumb, 40 bytes, Stack size 12 bytes, cdc_acm_core.o(.text.usb_transc_config))
<BR><BR>[Stack]<UL><LI>Max Depth = 12<LI>Call Chain = usb_transc_config
</UL>
<BR>[Called By]<UL><LI><a href="#[e]">&gt;&gt;</a>&nbsp;&nbsp;&nbsp;cdc_acm_req_handler
</UL>

<P><STRONG><a name="[212]"></a>usbd_ep_deinit</STRONG> (Thumb, 28 bytes, Stack size 16 bytes, cdc_acm_core.o(.text.usbd_ep_deinit))
<BR><BR>[Stack]<UL><LI>Max Depth = 16<LI>Call Chain = usbd_ep_deinit
</UL>
<BR>[Called By]<UL><LI><a href="#[d]">&gt;&gt;</a>&nbsp;&nbsp;&nbsp;cdc_acm_deinit
</UL>

<P><STRONG><a name="[213]"></a>usbd_ep_init</STRONG> (Thumb, 38 bytes, Stack size 24 bytes, cdc_acm_core.o(.text.usbd_ep_init))
<BR><BR>[Stack]<UL><LI>Max Depth = 24<LI>Call Chain = usbd_ep_init
</UL>
<BR>[Called By]<UL><LI><a href="#[c]">&gt;&gt;</a>&nbsp;&nbsp;&nbsp;cdc_acm_init
</UL>

<P><STRONG><a name="[25f]"></a>prvResetNextTaskUnblockTime</STRONG> (Thumb, 60 bytes, Stack size 0 bytes, tasks.o(.text.prvResetNextTaskUnblockTime))
<BR><BR>[Called By]<UL><LI><a href="#[1d4]">&gt;&gt;</a>&nbsp;&nbsp;&nbsp;xTaskIncrementTick
</UL>

<P><STRONG><a name="[24b]"></a>prvTaskIsTaskSuspended</STRONG> (Thumb, 94 bytes, Stack size 24 bytes, tasks.o(.text.prvTaskIsTaskSuspended))
<BR><BR>[Stack]<UL><LI>Max Depth = 24<LI>Call Chain = prvTaskIsTaskSuspended
</UL>
<BR>[Calls]<UL><LI><a href="#[1d3]">&gt;&gt;</a>&nbsp;&nbsp;&nbsp;ulSetInterruptMask
</UL>
<BR>[Called By]<UL><LI><a href="#[120]">&gt;&gt;</a>&nbsp;&nbsp;&nbsp;vTaskResume
</UL>

<P><STRONG><a name="[25a]"></a>prvSetupFPU</STRONG> (Thumb, 34 bytes, Stack size 0 bytes, port.o(.text.prvSetupFPU))
<BR><BR>[Called By]<UL><LI><a href="#[90]">&gt;&gt;</a>&nbsp;&nbsp;&nbsp;vPortSVCHandler_C
</UL>

<P><STRONG><a name="[263]"></a>_fp_digits</STRONG> (Thumb, 366 bytes, Stack size 64 bytes, printfa.o(i._fp_digits), UNUSED)
<BR><BR>[Calls]<UL><LI><a href="#[a6]">&gt;&gt;</a>&nbsp;&nbsp;&nbsp;__aeabi_dmul
<LI><a href="#[a7]">&gt;&gt;</a>&nbsp;&nbsp;&nbsp;__aeabi_ddiv
<LI><a href="#[9f]">&gt;&gt;</a>&nbsp;&nbsp;&nbsp;__aeabi_dadd
<LI><a href="#[af]">&gt;&gt;</a>&nbsp;&nbsp;&nbsp;__aeabi_uldivmod
<LI><a href="#[b2]">&gt;&gt;</a>&nbsp;&nbsp;&nbsp;__aeabi_d2ulz
<LI><a href="#[264]">&gt;&gt;</a>&nbsp;&nbsp;&nbsp;__aeabi_cdrcmple
</UL>
<BR>[Called By]<UL><LI><a href="#[261]">&gt;&gt;</a>&nbsp;&nbsp;&nbsp;_printf_core
</UL>

<P><STRONG><a name="[261]"></a>_printf_core</STRONG> (Thumb, 1744 bytes, Stack size 136 bytes, printfa.o(i._printf_core), UNUSED)
<BR><BR>[Calls]<UL><LI><a href="#[af]">&gt;&gt;</a>&nbsp;&nbsp;&nbsp;__aeabi_uldivmod
<LI><a href="#[267]">&gt;&gt;</a>&nbsp;&nbsp;&nbsp;__aeabi_uidivmod
<LI><a href="#[265]">&gt;&gt;</a>&nbsp;&nbsp;&nbsp;_printf_pre_padding
<LI><a href="#[266]">&gt;&gt;</a>&nbsp;&nbsp;&nbsp;_printf_post_padding
<LI><a href="#[263]">&gt;&gt;</a>&nbsp;&nbsp;&nbsp;_fp_digits
</UL>
<BR>[Called By]<UL><LI><a href="#[262]">&gt;&gt;</a>&nbsp;&nbsp;&nbsp;__0sprintf
<LI><a href="#[260]">&gt;&gt;</a>&nbsp;&nbsp;&nbsp;__0printf
</UL>

<P><STRONG><a name="[266]"></a>_printf_post_padding</STRONG> (Thumb, 36 bytes, Stack size 24 bytes, printfa.o(i._printf_post_padding), UNUSED)
<BR><BR>[Called By]<UL><LI><a href="#[261]">&gt;&gt;</a>&nbsp;&nbsp;&nbsp;_printf_core
</UL>

<P><STRONG><a name="[265]"></a>_printf_pre_padding</STRONG> (Thumb, 46 bytes, Stack size 24 bytes, printfa.o(i._printf_pre_padding), UNUSED)
<BR><BR>[Called By]<UL><LI><a href="#[261]">&gt;&gt;</a>&nbsp;&nbsp;&nbsp;_printf_core
</UL>

<P><STRONG><a name="[95]"></a>_sputc</STRONG> (Thumb, 10 bytes, Stack size 0 bytes, printfa.o(i._sputc))
<BR><BR>[Called By]<UL><LI><a href="#[262]">&gt;&gt;</a>&nbsp;&nbsp;&nbsp;__0sprintf
</UL>
<BR>[Address Reference Count : 1]<UL><LI> printfa.o(i.__0sprintf)
</UL><P>
<H3>
Undefined Global Symbols
</H3><HR></body></html>
